Component: ARM Compiler 5.06 update 6 (build 750) Tool: armlink [4d35ed]

==============================================================================

Section Cross References

    main.o(i.TIM3_IRQHandler) refers to logic.o(i.LOGIC_FLOW) for LOGIC_FLOW
    main.o(i.TIM3_IRQHandler) refers to logic.o(i.SQUARE_FLOW_SELECT) for SQUARE_FLOW_SELECT
    main.o(i.TIM3_Init) refers to main.o(.data) for carry_num
    main.o(i.kai_display) refers to tftlcd.o(i.LCD_ShowString) for LCD_ShowString
    main.o(i.kai_display) refers to systick.o(i.delay_ms) for delay_ms
    main.o(i.kai_display) refers to tftlcd.o(i.LCD_Fill) for LCD_Fill
    main.o(i.kai_display) refers to tftlcd.o(.data) for FRONT_COLOR
    main.o(i.main) refers to main.o(i.TIM3_Init) for TIM3_Init
    main.o(i.main) refers to stm32f1xx_hal.o(i.HAL_Init) for HAL_Init
    main.o(i.main) refers to system.o(i.SystemClock_Init) for SystemClock_Init
    main.o(i.main) refers to systick.o(i.SysTick_Init) for SysTick_Init
    main.o(i.main) refers to usart.o(i.USART1_Init) for USART1_Init
    main.o(i.main) refers to led.o(i.LED_Init) for LED_Init
    main.o(i.main) refers to tftlcd.o(i.TFTLCD_Init) for TFTLCD_Init
    main.o(i.main) refers to key.o(i.KEY_Init) for KEY_Init
    main.o(i.main) refers to touch.o(i.TP_Init) for TP_Init
    main.o(i.main) refers to music.o(i.Music_GPIO_Init) for Music_GPIO_Init
    main.o(i.main) refers to main.o(i.kai_display) for kai_display
    main.o(i.main) refers to touch.o(i.TP_Scan) for TP_Scan
    main.o(i.main) refers to tftlcd.o(i.LCD_Fill) for LCD_Fill
    main.o(i.main) refers to systick.o(i.delay_ms) for delay_ms
    main.o(i.main) refers to tftlcd.o(i.LCD_ShowString) for LCD_ShowString
    main.o(i.main) refers to dfltui.o(.text) for __aeabi_ui2d
    main.o(i.main) refers to dmul.o(.text) for __aeabi_dmul
    main.o(i.main) refers to dfixui.o(.text) for __aeabi_d2uiz
    main.o(i.main) refers to touch.o(.data) for tp_dev
    main.o(i.main) refers to tftlcd.o(.data) for FRONT_COLOR
    main.o(i.main) refers to stm32f1xx_hal_gpio.o(i.HAL_GPIO_WritePin) for HAL_GPIO_WritePin
    main.o(i.main) refers to logic.o(i.Draw_border) for Draw_border
    main.o(i.main) refers to logic.o(i.LOGIC_FLOW2) for LOGIC_FLOW2
    main.o(i.main) refers to logic.o(.bss) for LOGIC_TABLE
    main.o(i.main) refers to logic.o(.data) for score
    main.o(i.main) refers to openmv_data.o(i.Receive_GPIO_Init) for Receive_GPIO_Init
    main.o(i.main) refers to openmv_data.o(.data) for rec_flag
    stm32f1xx_it.o(i.SysTick_Handler) refers to stm32f1xx_hal.o(i.HAL_IncTick) for HAL_IncTick
    system_stm32f1xx.o(i.SystemCoreClockUpdate) refers to system_stm32f1xx.o(.data) for SystemCoreClock
    system_stm32f1xx.o(i.SystemCoreClockUpdate) refers to system_stm32f1xx.o(.constdata) for AHBPrescTable
    startup_stm32f103xe.o(RESET) refers to startup_stm32f103xe.o(STACK) for __initial_sp
    startup_stm32f103xe.o(RESET) refers to startup_stm32f103xe.o(.text) for Reset_Handler
    startup_stm32f103xe.o(RESET) refers to stm32f1xx_it.o(i.NMI_Handler) for NMI_Handler
    startup_stm32f103xe.o(RESET) refers to stm32f1xx_it.o(i.HardFault_Handler) for HardFault_Handler
    startup_stm32f103xe.o(RESET) refers to stm32f1xx_it.o(i.MemManage_Handler) for MemManage_Handler
    startup_stm32f103xe.o(RESET) refers to stm32f1xx_it.o(i.BusFault_Handler) for BusFault_Handler
    startup_stm32f103xe.o(RESET) refers to stm32f1xx_it.o(i.UsageFault_Handler) for UsageFault_Handler
    startup_stm32f103xe.o(RESET) refers to stm32f1xx_it.o(i.SVC_Handler) for SVC_Handler
    startup_stm32f103xe.o(RESET) refers to stm32f1xx_it.o(i.DebugMon_Handler) for DebugMon_Handler
    startup_stm32f103xe.o(RESET) refers to stm32f1xx_it.o(i.PendSV_Handler) for PendSV_Handler
    startup_stm32f103xe.o(RESET) refers to stm32f1xx_it.o(i.SysTick_Handler) for SysTick_Handler
    startup_stm32f103xe.o(RESET) refers to openmv_data.o(i.EXTI1_IRQHandler) for EXTI1_IRQHandler
    startup_stm32f103xe.o(RESET) refers to main.o(i.TIM3_IRQHandler) for TIM3_IRQHandler
    startup_stm32f103xe.o(RESET) refers to usart.o(i.USART1_IRQHandler) for USART1_IRQHandler
    startup_stm32f103xe.o(.text) refers to system_stm32f1xx.o(i.SystemInit) for SystemInit
    startup_stm32f103xe.o(.text) refers to entry.o(.ARM.Collect$$$$00000000) for __main
    stm32f1xx_hal.o(i.HAL_DeInit) refers to stm32f1xx_hal.o(i.HAL_MspDeInit) for HAL_MspDeInit
    stm32f1xx_hal.o(i.HAL_Delay) refers to stm32f1xx_hal.o(i.HAL_GetTick) for HAL_GetTick
    stm32f1xx_hal.o(i.HAL_Delay) refers to stm32f1xx_hal.o(.data) for uwTickFreq
    stm32f1xx_hal.o(i.HAL_GetTick) refers to stm32f1xx_hal.o(.data) for uwTick
    stm32f1xx_hal.o(i.HAL_GetTickFreq) refers to stm32f1xx_hal.o(.data) for uwTickFreq
    stm32f1xx_hal.o(i.HAL_GetTickPrio) refers to stm32f1xx_hal.o(.data) for uwTickPrio
    stm32f1xx_hal.o(i.HAL_IncTick) refers to stm32f1xx_hal.o(.data) for uwTick
[...]
    Libraries\STM32F1xx_HAL_Driver\Src\stm32f1xx_hal_exti.c 0x00000000   Number         0  stm32f1xx_hal_exti.o ABSOLUTE
    Libraries\STM32F1xx_HAL_Driver\Src\stm32f1xx_hal_gpio.c 0x00000000   Number         0  stm32f1xx_hal_gpio.o ABSOLUTE
    Libraries\STM32F1xx_HAL_Driver\Src\stm32f1xx_hal_gpio_ex.c 0x00000000   Number         0  stm32f1xx_hal_gpio_ex.o ABSOLUTE
    Libraries\STM32F1xx_HAL_Driver\Src\stm32f1xx_hal_iwdg.c 0x00000000   Number         0  stm32f1xx_hal_iwdg.o ABSOLUTE
    Libraries\STM32F1xx_HAL_Driver\Src\stm32f1xx_hal_pwr.c 0x00000000   Number         0  stm32f1xx_hal_pwr.o ABSOLUTE
    Libraries\STM32F1xx_HAL_Driver\Src\stm32f1xx_hal_rcc.c 0x00000000   Number         0  stm32f1xx_hal_rcc.o ABSOLUTE
    Libraries\STM32F1xx_HAL_Driver\Src\stm32f1xx_hal_rcc_ex.c 0x00000000   Number         0  stm32f1xx_hal_rcc_ex.o ABSOLUTE
    Libraries\STM32F1xx_HAL_Driver\Src\stm32f1xx_hal_rtc.c 0x00000000   Number         0  stm32f1xx_hal_rtc.o ABSOLUTE
    Libraries\STM32F1xx_HAL_Driver\Src\stm32f1xx_hal_rtc_ex.c 0x00000000   Number         0  stm32f1xx_hal_rtc_ex.o ABSOLUTE
    Libraries\STM32F1xx_HAL_Driver\Src\stm32f1xx_hal_sram.c 0x00000000   Number         0  stm32f1xx_hal_sram.o ABSOLUTE
    Libraries\STM32F1xx_HAL_Driver\Src\stm32f1xx_hal_tim.c 0x00000000   Number         0  stm32f1xx_hal_tim.o ABSOLUTE
    Libraries\STM32F1xx_HAL_Driver\Src\stm32f1xx_hal_tim_ex.c 0x00000000   Number         0  stm32f1xx_hal_tim_ex.o ABSOLUTE
    Libraries\STM32F1xx_HAL_Driver\Src\stm32f1xx_hal_uart.c 0x00000000   Number         0  stm32f1xx_hal_uart.o ABSOLUTE
    Libraries\STM32F1xx_HAL_Driver\Src\stm32f1xx_hal_usart.c 0x00000000   Number         0  stm32f1xx_hal_usart.o ABSOLUTE
    Libraries\STM32F1xx_HAL_Driver\Src\stm32f1xx_hal_wwdg.c 0x00000000   Number         0  stm32f1xx_hal_wwdg.o ABSOLUTE
    Libraries\STM32F1xx_HAL_Driver\Src\stm32f1xx_ll_fsmc.c 0x00000000   Number         0  stm32f1xx_ll_fsmc.o ABSOLUTE
    Libraries\\STM32F1xx_HAL_Driver\\Src\\stm32f1xx_hal.c 0x00000000   Number         0  stm32f1xx_hal.o ABSOLUTE
    Libraries\\STM32F1xx_HAL_Driver\\Src\\stm32f1xx_hal_adc.c 0x00000000   Number         0  stm32f1xx_hal_adc.o ABSOLUTE
    Libraries\\STM32F1xx_HAL_Driver\\Src\\stm32f1xx_hal_adc_ex.c 0x00000000   Number         0  stm32f1xx_hal_adc_ex.o ABSOLUTE
    Libraries\\STM32F1xx_HAL_Driver\\Src\\stm32f1xx_hal_can.c 0x00000000   Number         0  stm32f1xx_hal_can.o ABSOLUTE
    Libraries\\STM32F1xx_HAL_Driver\\Src\\stm32f1xx_hal_cortex.c 0x00000000   Number         0  stm32f1xx_hal_cortex.o ABSOLUTE
    Libraries\\STM32F1xx_HAL_Driver\\Src\\stm32f1xx_hal_dac.c 0x00000000   Number         0  stm32f1xx_hal_dac.o ABSOLUTE
    Libraries\\STM32F1xx_HAL_Driver\\Src\\stm32f1xx_hal_dac_ex.c 0x00000000   Number         0  stm32f1xx_hal_dac_ex.o ABSOLUTE
    Libraries\\STM32F1xx_HAL_Driver\\Src\\stm32f1xx_hal_dma.c 0x00000000   Number         0  stm32f1xx_hal_dma.o ABSOLUTE
    Libraries\\STM32F1xx_HAL_Driver\\Src\\stm32f1xx_hal_exti.c 0x00000000   Number         0  stm32f1xx_hal_exti.o ABSOLUTE
    Libraries\\STM32F1xx_HAL_Driver\\Src\\stm32f1xx_hal_gpio.c 0x00000000   Number         0  stm32f1xx_hal_gpio.o ABSOLUTE
    Libraries\\STM32F1xx_HAL_Driver\\Src\\stm32f1xx_hal_gpio_ex.c 0x00000000   Number         0  stm32f1xx_hal_gpio_ex.o ABSOLUTE
    Libraries\\STM32F1xx_HAL_Driver\\Src\\stm32f1xx_hal_iwdg.c 0x00000000   Number         0  stm32f1xx_hal_iwdg.o ABSOLUTE
    Libraries\\STM32F1xx_HAL_Driver\\Src\\stm32f1xx_hal_pwr.c 0x00000000   Number         0  stm32f1xx_hal_pwr.o ABSOLUTE
    Libraries\\STM32F1xx_HAL_Driver\\Src\\stm32f1xx_hal_rcc.c 0x00000000   Number         0  stm32f1xx_hal_rcc.o ABSOLUTE
    Libraries\\STM32F1xx_HAL_Driver\\Src\\stm32f1xx_hal_rcc_ex.c 0x00000000   Number         0  stm32f1xx_hal_rcc_ex.o ABSOLUTE
    Libraries\\STM32F1xx_HAL_Driver\\Src\\stm32f1xx_hal_rtc.c 0x00000000   Number         0  stm32f1xx_hal_rtc.o ABSOLUTE
    Libraries\\STM32F1xx_HAL_Driver\\Src\\stm32f1xx_hal_rtc_ex.c 0x00000000   Number         0  stm32f1xx_hal_rtc_ex.o ABSOLUTE
    Libraries\\STM32F1xx_HAL_Driver\\Src\\stm32f1xx_hal_sram.c 0x00000000   Number         0  stm32f1xx_hal_sram.o ABSOLUTE
    Libraries\\STM32F1xx_HAL_Driver\\Src\\stm32f1xx_hal_tim.c 0x00000000   Number         0  stm32f1xx_hal_tim.o ABSOLUTE
    Libraries\\STM32F1xx_HAL_Driver\\Src\\stm32f1xx_hal_tim_ex.c 0x00000000   Number         0  stm32f1xx_hal_tim_ex.o ABSOLUTE
    Libraries\\STM32F1xx_HAL_Driver\\Src\\stm32f1xx_hal_uart.c 0x00000000   Number         0  stm32f1xx_hal_uart.o ABSOLUTE
    Libraries\\STM32F1xx_HAL_Driver\\Src\\stm32f1xx_hal_usart.c 0x00000000   Number         0  stm32f1xx_hal_usart.o ABSOLUTE
    Libraries\\STM32F1xx_HAL_Driver\\Src\\stm32f1xx_hal_wwdg.c 0x00000000   Number         0  stm32f1xx_hal_wwdg.o ABSOLUTE
    Libraries\\STM32F1xx_HAL_Driver\\Src\\stm32f1xx_ll_fsmc.c 0x00000000   Number         0  stm32f1xx_ll_fsmc.o ABSOLUTE
    Public\SysTick.c                         0x00000000   Number         0  systick.o ABSOLUTE
    Public\\SysTick.c                        0x00000000   Number         0  systick.o ABSOLUTE
    Public\\system.c                         0x00000000   Number         0  system.o ABSOLUTE
    Public\\usart.c                          0x00000000   Number         0  usart.o ABSOLUTE
    Public\system.c                          0x00000000   Number         0  system.o ABSOLUTE
    Public\usart.c                           0x00000000   Number         0  usart.o ABSOLUTE
    User\\main.c                             0x00000000   Number         0  main.o ABSOLUTE
    User\\stm32f1xx_it.c                     0x00000000   Number         0  stm32f1xx_it.o ABSOLUTE
    User\\system_stm32f1xx.c                 0x00000000   Number         0  system_stm32f1xx.o ABSOLUTE
    User\main.c                              0x00000000   Number         0  main.o ABSOLUTE
    User\stm32f1xx_it.c                      0x00000000   Number         0  stm32f1xx_it.o ABSOLUTE
    User\system_stm32f1xx.c                  0x00000000   Number         0  system_stm32f1xx.o ABSOLUTE
    cdcmple.s                                0x00000000   Number         0  cdcmple.o ABSOLUTE
    cdrcmple.s                               0x00000000   Number         0  cdrcmple.o ABSOLUTE
    dc.s                                     0x00000000   Number         0  dc.o ABSOLUTE
    handlers.s                               0x00000000   Number         0  handlers.o ABSOLUTE
    init.s                                   0x00000000   Number         0  init.o ABSOLUTE
    RESET                                    0x08000000   Section      304  startup_stm32f103xe.o(RESET)
    .ARM.Collect$$$$00000000                 0x08000130   Section        0  entry.o(.ARM.Collect$$$$00000000)
    .ARM.Collect$$$$00000001                 0x08000130   Section        4  entry2.o(.ARM.Collect$$$$00000001)
    .ARM.Collect$$$$00000004                 0x08000134   Section        4  entry5.o(.ARM.Collect$$$$00000004)
    .ARM.Collect$$$$00000008                 0x08000138   Section        0  entry7b.o(.ARM.Collect$$$$00000008)
    .ARM.Collect$$$$0000000A                 0x08000138   Section        0  entry8b.o(.ARM.Collect$$$$0000000A)
    .ARM.Collect$$$$0000000B                 0x08000138   Section        8  entry9a.o(.ARM.Collect$$$$0000000B)
    .ARM.Collect$$$$0000000D                 0x08000140   Section        0  entry10a.o(.ARM.Collect$$$$0000000D)
    .ARM.Collect$$$$0000000F                 0x08000140   Section        0  entry11a.o(.ARM.Collect$$$$0000000F)
    .ARM.Collect$$$$00002712                 0x08000140   Section        4  entry2.o(.ARM.Collect$$$$00002712)
    __lit__00000000                          0x08000140   Data           4  entry2.o(.ARM.Collect$$$$00002712)
    .text                                    0x08000144   Section       36  startup_stm32f103xe.o(.text)
    .text                                    0x08000168   Section        0  memcpya.o(.text)
    .text                                    0x0800018c   Section        0  strlen.o(.text)
    .text                                    0x0800019a   Section        0  fadd.o(.text)
    .text                                    0x0800024a   Section        0  fmul.o(.text)
    .text                                    0x080002ae   Section        0  fdiv.o(.text)
    .text                                    0x0800032a   Section        0  dmul.o(.text)
    .text                                    0x0800040e   Section        0  fflti.o(.text)
    .text                                    0x08000420   Section        0  ffltui.o(.text)
    .text                                    0x0800042a   Section        0  dfltui.o(.text)
    .text                                    0x08000444   Section        0  ffixi.o(.text)
    .text                                    0x08000476   Section        0  ffixui.o(.text)
    .text                                    0x0800049e   Section        0  dfixui.o(.text)
    .text                                    0x080004d0   Section        0  f2d.o(.text)
    .text                                    0x080004f8   Section       48  cdcmple.o(.text)
    .text                                    0x08000528   Section       48  cdrcmple.o(.text)
    .text                                    0x08000558   Section        0  uldiv.o(.text)
    .text                                    0x080005ba   Section        0  llushr.o(.text)
    .text                                    0x080005da   Section        0  iusefp.o(.text)
    .text                                    0x080005da   Section        0  fepilogue.o(.text)
    .text                                    0x08000648   Section        0  depilogue.o(.text)
    .text                                    0x08000702   Section        0  dsqrt.o(.text)
    .text                                    0x080007a4   Section       36  init.o(.text)
    .text                                    0x080007c8   Section        0  llshl.o(.text)
    i.AT24CXX_Init                           0x080007e6   Section        0  24cxx.o(i.AT24CXX_Init)
    i.AT24CXX_ReadLenByte                    0x080007ee   Section        0  24cxx.o(i.AT24CXX_ReadLenByte)
    i.AT24CXX_ReadOneByte                    0x0800081a   Section        0  24cxx.o(i.AT24CXX_ReadOneByte)
    i.AT24CXX_WriteLenByte                   0x08000872   Section        0  24cxx.o(i.AT24CXX_WriteLenByte)
    i.AT24CXX_WriteOneByte                   0x0800089c   Section        0  24cxx.o(i.AT24CXX_WriteOneByte)
    i.BusFault_Handler                       0x080008ec   Section        0  stm32f1xx_it.o(i.BusFault_Handler)
    i.DebugMon_Handler                       0x080008f0   Section        0  stm32f1xx_it.o(i.DebugMon_Handler)
    i.Draw_border                            0x080008f2   Section        0  logic.o(i.Draw_border)
    i.EXTI1_IRQHandler                       0x080009c2   Section        0  openmv_data.o(i.EXTI1_IRQHandler)
    i.FSMC_NORSRAM_Extended_Timing_Init      0x080009cc   Section        0  stm32f1xx_ll_fsmc.o(i.FSMC_NORSRAM_Extended_Timing_Init)
    i.FSMC_NORSRAM_Init                      0x08000a10   Section        0  stm32f1xx_ll_fsmc.o(i.FSMC_NORSRAM_Init)
    i.FSMC_NORSRAM_Timing_Init               0x08000a80   Section        0  stm32f1xx_ll_fsmc.o(i.FSMC_NORSRAM_Timing_Init)
    i.HAL_DMA_Abort_IT                       0x08000ac4   Section        0  stm32f1xx_hal_dma.o(i.HAL_DMA_Abort_IT)
    i.HAL_GPIO_EXTI_Callback                 0x08000c6c   Section        0  openmv_data.o(i.HAL_GPIO_EXTI_Callback)
    i.HAL_GPIO_EXTI_IRQHandler               0x08000d14   Section        0  stm32f1xx_hal_gpio.o(i.HAL_GPIO_EXTI_IRQHandler)
    i.HAL_GPIO_Init                          0x08000d30   Section        0  stm32f1xx_hal_gpio.o(i.HAL_GPIO_Init)
    i.HAL_GPIO_ReadPin                       0x08001070   Section        0  stm32f1xx_hal_gpio.o(i.HAL_GPIO_ReadPin)
    i.HAL_GPIO_WritePin                      0x08001080   Section        0  stm32f1xx_hal_gpio.o(i.HAL_GPIO_WritePin)
    i.HAL_GetTick                            0x0800108c   Section        0  stm32f1xx_hal.o(i.HAL_GetTick)
    i.HAL_IncTick                            0x08001098   Section        0  stm32f1xx_hal.o(i.HAL_IncTick)
    i.HAL_Init                               0x080010b0   Section        0  stm32f1xx_hal.o(i.HAL_Init)
    i.HAL_InitTick                           0x080010d8   Section        0  stm32f1xx_hal.o(i.HAL_InitTick)
    i.HAL_MspInit                            0x08001124   Section        0  stm32f1xx_hal.o(i.HAL_MspInit)
    i.HAL_NVIC_EnableIRQ                     0x08001126   Section        0  stm32f1xx_hal_cortex.o(i.HAL_NVIC_EnableIRQ)
    i.HAL_NVIC_SetPriority                   0x08001146   Section        0  stm32f1xx_hal_cortex.o(i.HAL_NVIC_SetPriority)
    i.HAL_NVIC_SetPriorityGrouping           0x080011c4   Section        0  stm32f1xx_hal_cortex.o(i.HAL_NVIC_SetPriorityGrouping)
    i.HAL_RCC_ClockConfig                    0x080011ec   Section        0  stm32f1xx_hal_rcc.o(i.HAL_RCC_ClockConfig)
    i.HAL_RCC_GetHCLKFreq                    0x08001378   Section        0  stm32f1xx_hal_rcc.o(i.HAL_RCC_GetHCLKFreq)
    i.HAL_RCC_GetPCLK1Freq                   0x08001384   Section        0  stm32f1xx_hal_rcc.o(i.HAL_RCC_GetPCLK1Freq)
    i.HAL_RCC_GetPCLK2Freq                   0x080013a4   Section        0  stm32f1xx_hal_rcc.o(i.HAL_RCC_GetPCLK2Freq)
    i.HAL_RCC_GetSysClockFreq                0x080013c4   Section        0  stm32f1xx_hal_rcc.o(i.HAL_RCC_GetSysClockFreq)
    i.HAL_RCC_OscConfig                      0x08001458   Section        0  stm32f1xx_hal_rcc.o(i.HAL_RCC_OscConfig)
    i.HAL_SRAM_Init                          0x080018bc   Section        0  stm32f1xx_hal_sram.o(i.HAL_SRAM_Init)
    i.HAL_SRAM_MspInit                       0x0800191c   Section        0  tftlcd.o(i.HAL_SRAM_MspInit)
    i.HAL_SYSTICK_CLKSourceConfig            0x080019d8   Section        0  stm32f1xx_hal_cortex.o(i.HAL_SYSTICK_CLKSourceConfig)
    i.HAL_SYSTICK_Config                     0x08001a00   Section        0  stm32f1xx_hal_cortex.o(i.HAL_SYSTICK_Config)
    i.HAL_UART_ErrorCallback                 0x08001a34   Section        0  stm32f1xx_hal_uart.o(i.HAL_UART_ErrorCallback)
    i.HAL_UART_GetState                      0x08001a36   Section        0  stm32f1xx_hal_uart.o(i.HAL_UART_GetState)
    i.HAL_UART_IRQHandler                    0x08001a4c   Section        0  stm32f1xx_hal_uart.o(i.HAL_UART_IRQHandler)
    i.HAL_UART_Init                          0x08001b98   Section        0  stm32f1xx_hal_uart.o(i.HAL_UART_Init)
    i.HAL_UART_MspInit                       0x08001c0c   Section        0  usart.o(i.HAL_UART_MspInit)
    i.HAL_UART_Receive_IT                    0x08001c9c   Section        0  stm32f1xx_hal_uart.o(i.HAL_UART_Receive_IT)
    i.HAL_UART_RxCpltCallback                0x08001d0c   Section        0  usart.o(i.HAL_UART_RxCpltCallback)
    i.HAL_UART_TxCpltCallback                0x08001d94   Section        0  stm32f1xx_hal_uart.o(i.HAL_UART_TxCpltCallback)
    i.HardFault_Handler                      0x08001d96   Section        0  stm32f1xx_it.o(i.HardFault_Handler)
    i.IIC_Ack                                0x08001d9c   Section        0  iic.o(i.IIC_Ack)
    i.IIC_Init                               0x08001dd4   Section        0  iic.o(i.IIC_Init)
    i.IIC_NAck                               0x08001e50   Section        0  iic.o(i.IIC_NAck)
    i.IIC_Read_Byte                          0x08001e88   Section        0  iic.o(i.IIC_Read_Byte)
    i.IIC_Send_Byte                          0x08001ee0   Section        0  iic.o(i.IIC_Send_Byte)
    i.IIC_Start                              0x08001f44   Section        0  iic.o(i.IIC_Start)
    i.IIC_Stop                               0x08001f7c   Section        0  iic.o(i.IIC_Stop)
    i.IIC_Wait_Ack                           0x08001fb4   Section        0  iic.o(i.IIC_Wait_Ack)
    i.KEY_Init                               0x08002000   Section        0  key.o(i.KEY_Init)
    i.LCD_Clear                              0x08002070   Section        0  tftlcd.o(i.LCD_Clear)
    i.LCD_Display_Dir                        0x080020b8   Section        0  tftlcd.o(i.LCD_Display_Dir)
    i.LCD_DrawFRONT_COLOR                    0x08002110   Section        0  tftlcd.o(i.LCD_DrawFRONT_COLOR)
    i.LCD_DrawLine                           0x0800212c   Section        0  tftlcd.o(i.LCD_DrawLine)
    i.LCD_DrawPoint                          0x080021dc   Section        0  tftlcd.o(i.LCD_DrawPoint)
    i.LCD_Draw_Circle                        0x080021fc   Section        0  tftlcd.o(i.LCD_Draw_Circle)
    i.LCD_Fill                               0x08002294   Section        0  tftlcd.o(i.LCD_Fill)
    i.LCD_Pow                                0x080022f0   Section        0  tftlcd.o(i.LCD_Pow)
    i.LCD_Set_Window                         0x08002306   Section        0  tftlcd.o(i.LCD_Set_Window)
    i.LCD_ShowChar                           0x080023ac   Section        0  tftlcd.o(i.LCD_ShowChar)
    i.LCD_ShowNum                            0x080024d4   Section        0  tftlcd.o(i.LCD_ShowNum)
    i.LCD_ShowString                         0x08002568   Section        0  tftlcd.o(i.LCD_ShowString)
    i.LCD_WriteCmd                           0x080025d0   Section        0  tftlcd.o(i.LCD_WriteCmd)
    i.LCD_WriteCmdData                       0x080025dc   Section        0  tftlcd.o(i.LCD_WriteCmdData)
    i.LCD_WriteData                          0x080025f0   Section        0  tftlcd.o(i.LCD_WriteData)
    i.LCD_WriteData_Color                    0x080025fc   Section        0  tftlcd.o(i.LCD_WriteData_Color)
    i.LED_Init                               0x0800260c   Section        0  led.o(i.LED_Init)
    i.LOGIC_FLOW                             0x0800268c   Section        0  logic.o(i.LOGIC_FLOW)
    i.LOGIC_FLOW2                            0x08002868   Section        0  logic.o(i.LOGIC_FLOW2)
    i.MemManage_Handler                      0x0800295c   Section        0  stm32f1xx_it.o(i.MemManage_Handler)
    i.Music_GPIO_Init                        0x08002960   Section        0  music.o(i.Music_GPIO_Init)
    i.NMI_Handler                            0x080029a0   Section        0  stm32f1xx_it.o(i.NMI_Handler)
    i.PendSV_Handler                         0x080029a2   Section        0  stm32f1xx_it.o(i.PendSV_Handler)
    i.RCC_Delay                              0x080029a4   Section        0  stm32f1xx_hal_rcc.o(i.RCC_Delay)
    RCC_Delay                                0x080029a5   Thumb Code    36  stm32f1xx_hal_rcc.o(i.RCC_Delay)
    i.Receive_GPIO_Init                      0x080029cc   Section        0  openmv_data.o(i.Receive_GPIO_Init)
    i.SDA_IN                                 0x08002a28   Section        0  iic.o(i.SDA_IN)
    i.SDA_OUT                                0x08002a48   Section        0  iic.o(i.SDA_OUT)
    i.SQUARE_FLOW                            0x08002a68   Section        0  logic.o(i.SQUARE_FLOW)
    i.SQUARE_FLOW_SELECT                     0x08002ad4   Section        0  logic.o(i.SQUARE_FLOW_SELECT)
    i.SVC_Handler                            0x08002ae8   Section        0  stm32f1xx_it.o(i.SVC_Handler)
    i.SysTick_Handler                        0x08002aea   Section        0  stm32f1xx_it.o(i.SysTick_Handler)
    i.SysTick_Init                           0x08002af4   Section        0  systick.o(i.SysTick_Init)
    i.SystemClock_Init                       0x08002b08   Section        0  system.o(i.SystemClock_Init)
    i.SystemInit                             0x08002b60   Section        0  system_stm32f1xx.o(i.SystemInit)
    i.TFTLCD_FSMC_Init                       0x08002bb8   Section        0  tftlcd.o(i.TFTLCD_FSMC_Init)
    i.TFTLCD_Init                            0x08002c68   Section        0  tftlcd.o(i.TFTLCD_Init)
    i.TIM3_IRQHandler                        0x08002e74   Section        0  main.o(i.TIM3_IRQHandler)
    i.TIM3_Init                              0x08002eb0   Section        0  main.o(i.TIM3_Init)
    i.TP_Adj_Info_Show                       0x08002f14   Section        0  touch.o(i.TP_Adj_Info_Show)
    i.TP_Adjust                              0x080030bc   Section        0  touch.o(i.TP_Adjust)
    i.TP_Drow_Touch_Point                    0x08003918   Section        0  touch.o(i.TP_Drow_Touch_Point)
    i.TP_Get_Adjdata                         0x08003988   Section        0  touch.o(i.TP_Get_Adjdata)
    i.TP_Init                                0x08003a34   Section        0  touch.o(i.TP_Init)
    i.TP_Read_AD                             0x08003b00   Section        0  touch.o(i.TP_Read_AD)
    i.TP_Read_XOY                            0x08003b94   Section        0  touch.o(i.TP_Read_XOY)
    i.TP_Read_XY                             0x08003c10   Section        0  touch.o(i.TP_Read_XY)
    i.TP_Read_XY2                            0x08003c40   Section        0  touch.o(i.TP_Read_XY2)
    i.TP_Save_Adjdata                        0x08003d00   Section        0  touch.o(i.TP_Save_Adjdata)
    i.TP_Scan                                0x08003d78   Section        0  touch.o(i.TP_Scan)
    i.TP_Write_Byte                          0x08003e80   Section        0  touch.o(i.TP_Write_Byte)
    i.UART_DMAAbortOnError                   0x08003ecc   Section        0  stm32f1xx_hal_uart.o(i.UART_DMAAbortOnError)
    UART_DMAAbortOnError                     0x08003ecd   Thumb Code    20  stm32f1xx_hal_uart.o(i.UART_DMAAbortOnError)
    i.UART_EndRxTransfer                     0x08003ee0   Section        0  stm32f1xx_hal_uart.o(i.UART_EndRxTransfer)
    UART_EndRxTransfer                       0x08003ee1   Thumb Code    32  stm32f1xx_hal_uart.o(i.UART_EndRxTransfer)
    i.UART_EndTransmit_IT                    0x08003f00   Section        0  stm32f1xx_hal_uart.o(i.UART_EndTransmit_IT)
    UART_EndTransmit_IT                      0x08003f01   Thumb Code    32  stm32f1xx_hal_uart.o(i.UART_EndTransmit_IT)
    i.UART_Receive_IT                        0x08003f20   Section        0  stm32f1xx_hal_uart.o(i.UART_Receive_IT)
    UART_Receive_IT                          0x08003f21   Thumb Code   166  stm32f1xx_hal_uart.o(i.UART_Receive_IT)
    i.UART_SetConfig                         0x08003fc8   Section        0  stm32f1xx_hal_uart.o(i.UART_SetConfig)
    UART_SetConfig                           0x08003fc9   Thumb Code   412  stm32f1xx_hal_uart.o(i.UART_SetConfig)
    i.UART_Transmit_IT                       0x08004168   Section        0  stm32f1xx_hal_uart.o(i.UART_Transmit_IT)
    UART_Transmit_IT                         0x08004169   Thumb Code   104  stm32f1xx_hal_uart.o(i.UART_Transmit_IT)
    i.USART1_IRQHandler                      0x080041d0   Section        0  usart.o(i.USART1_IRQHandler)
    i.USART1_Init                            0x08004210   Section        0  usart.o(i.USART1_Init)
    i.UsageFault_Handler                     0x08004248   Section        0  stm32f1xx_it.o(i.UsageFault_Handler)
    i.__0printf$5                            0x0800424c   Section        0  printf5.o(i.__0printf$5)
    i.__NVIC_DisableIRQ                      0x0800426c   Section        0  logic.o(i.__NVIC_DisableIRQ)
    __NVIC_DisableIRQ                        0x0800426d   Thumb Code    54  logic.o(i.__NVIC_DisableIRQ)
    i.__NVIC_GetPriorityGrouping             0x080042a8   Section        0  stm32f1xx_hal_cortex.o(i.__NVIC_GetPriorityGrouping)
    __NVIC_GetPriorityGrouping               0x080042a9   Thumb Code    10  stm32f1xx_hal_cortex.o(i.__NVIC_GetPriorityGrouping)
    i.__NVIC_SetPriority                     0x080042b8   Section        0  stm32f1xx_hal_cortex.o(i.__NVIC_SetPriority)
    __NVIC_SetPriority                       0x080042b9   Thumb Code    32  stm32f1xx_hal_cortex.o(i.__NVIC_SetPriority)
    i.__scatterload_copy                     0x080042e0   Section       14  handlers.o(i.__scatterload_copy)
    i.__scatterload_null                     0x080042ee   Section        2  handlers.o(i.__scatterload_null)
    i.__scatterload_zeroinit                 0x080042f0   Section       14  handlers.o(i.__scatterload_zeroinit)
    i.__set_errno                            0x08004300   Section        0  errno.o(i.__set_errno)
    i._printf_core                           0x0800430c   Section        0  printf5.o(i._printf_core)
    _printf_core                             0x0800430d   Thumb Code   658  printf5.o(i._printf_core)
    i.delay_ms                               0x080045cc   Section        0  systick.o(i.delay_ms)
    i.delay_us                               0x080045e4   Section        0  systick.o(i.delay_us)
    i.fputc                                  0x0800462c   Section        0  usart.o(i.fputc)
    i.func1                                  0x08004648   Section        0  logic.o(i.func1)
    i.func10                                 0x0800465c   Section        0  logic.o(i.func10)
    i.func10w                                0x08004672   Section        0  logic.o(i.func10w)
    i.func11                                 0x0800468a   Section        0  logic.o(i.func11)
    i.func11w                                0x080046a0   Section        0  logic.o(i.func11w)
    i.func12                                 0x080046b8   Section        0  logic.o(i.func12)
    i.func12w                                0x080046d0   Section        0  logic.o(i.func12w)
    i.func13                                 0x080046ea   Section        0  logic.o(i.func13)
    i.func13w                                0x08004702   Section        0  logic.o(i.func13w)
    i.func14                                 0x0800471c   Section        0  logic.o(i.func14)
    i.func14w                                0x08004734   Section        0  logic.o(i.func14w)
    i.func15                                 0x0800474e   Section        0  logic.o(i.func15)
    i.func15w                                0x08004766   Section        0  logic.o(i.func15w)
    i.func16                                 0x08004780   Section        0  logic.o(i.func16)
    i.func16w                                0x0800479a   Section        0  logic.o(i.func16w)
    i.func1w                                 0x080047b6   Section        0  logic.o(i.func1w)
    i.func2                                  0x080047cc   Section        0  logic.o(i.func2)
    i.func2w                                 0x080047e0   Section        0  logic.o(i.func2w)
    i.func3                                  0x080047f6   Section        0  logic.o(i.func3)
    i.func3w                                 0x0800480a   Section        0  logic.o(i.func3w)
    i.func4                                  0x08004820   Section        0  logic.o(i.func4)
    i.func4w                                 0x08004836   Section        0  logic.o(i.func4w)
    i.func5                                  0x0800484e   Section        0  logic.o(i.func5)
    i.func5w                                 0x08004862   Section        0  logic.o(i.func5w)
    i.func6                                  0x08004878   Section        0  logic.o(i.func6)
    i.func6w                                 0x0800488c   Section        0  logic.o(i.func6w)
    i.func7                                  0x080048a2   Section        0  logic.o(i.func7)
    i.func7w                                 0x080048b6   Section        0  logic.o(i.func7w)
    i.func8                                  0x080048cc   Section        0  logic.o(i.func8)
    i.func8w                                 0x080048e2   Section        0  logic.o(i.func8w)
    i.func9                                  0x080048fa   Section        0  logic.o(i.func9)
    i.func9w                                 0x08004910   Section        0  logic.o(i.func9w)
    i.kai_display                            0x08004928   Section        0  main.o(i.kai_display)
    i.main                                   0x08004a80   Section        0  main.o(i.main)
    i.sqrt                                   0x0800564c   Section        0  sqrt.o(i.sqrt)
    .constdata                               0x08005698   Section       24  system_stm32f1xx.o(.constdata)
    .constdata                               0x080056b0   Section    18712  tftlcd.o(.constdata)
    .constdata                               0x08009fc8   Section      128  logic.o(.constdata)
    .constdata                               0x0800a048   Section        4  touch.o(.constdata)
    .conststring                             0x0800a04c   Section      121  touch.o(.conststring)
    .data                                    0x20000000   Section        4  main.o(.data)
    .data                                    0x20000004   Section        4  system_stm32f1xx.o(.data)
    .data                                    0x20000008   Section        9  stm32f1xx_hal.o(.data)
    .data                                    0x20000012   Section       12  tftlcd.o(.data)
    .data                                    0x20000020   Section      160  logic.o(.data)
    .data                                    0x200000c0   Section       74  touch.o(.data)
    .data                                    0x2000010c   Section       12  openmv_data.o(.data)
    .data                                    0x20000118   Section        4  systick.o(.data)
    fac_us                                   0x20000118   Data           4  systick.o(.data)
    .data                                    0x2000011c   Section        3  usart.o(.data)
    .data                                    0x20000120   Section        4  stdout.o(.data)
    .data                                    0x20000124   Section        4  errno.o(.data)
    _errno                                   0x20000124   Data           4  errno.o(.data)
    .bss                                     0x20000128   Section       72  tftlcd.o(.bss)
    .bss                                     0x20000170   Section       64  logic.o(.bss)
    .bss                                     0x200001b0   Section      264  usart.o(.bss)
    STACK                                    0x200002b8   Section     1024  startup_stm32f103xe.o(STACK)

    Global Symbols

    Symbol Name                              Value     Ov Type        Size  Object(Section)

    BuildAttributes$$THM_ISAv4$P$D$K$B$S$PE$A:L22UL41UL21$X:L11$S22US41US21$IEEE1$IW$USESV6$~STKCKD$USESV7$~SHL$OTIME$ROPI$IEEEJ$EBA8$MICROLIB$REQ8$PRES8$EABIv2 0x00000000   Number         0  anon$$obj.o ABSOLUTE
    __ARM_use_no_argv                        0x00000000   Number         0  main.o ABSOLUTE
    _printf_a                                0x00000000   Number         0  stubs.o ABSOLUTE
    _printf_c                                0x00000000   Number         0  stubs.o ABSOLUTE
    _printf_charcount                        0x00000000   Number         0  stubs.o ABSOLUTE
    _printf_d                                0x00000000   Number         0  stubs.o ABSOLUTE
    _printf_e                                0x00000000   Number         0  stubs.o ABSOLUTE
    _printf_f                                0x00000000   Number         0  stubs.o ABSOLUTE
    _printf_flags                            0x00000000   Number         0  stubs.o ABSOLUTE
    _printf_fp_dec                           0x00000000   Number         0  stubs.o ABSOLUTE
    _printf_fp_hex                           0x00000000   Number         0  stubs.o ABSOLUTE
    _printf_g                                0x00000000   Number         0  stubs.o ABSOLUTE
    _printf_i                                0x00000000   Number         0  stubs.o ABSOLUTE
    _printf_int_dec                          0x00000000   Number         0  stubs.o ABSOLUTE
    _printf_l                                0x00000000   Number         0  stubs.o ABSOLUTE
    _printf_lc                               0x00000000   Number         0  stubs.o ABSOLUTE
    _printf_ll                               0x00000000   Number         0  stubs.o ABSOLUTE
    _printf_lld                              0x00000000   Number         0  stubs.o ABSOLUTE
    _printf_lli                              0x00000000   Number         0  stubs.o ABSOLUTE
    _printf_llo                              0x00000000   Number         0  stubs.o ABSOLUTE
    _printf_llu                              0x00000000   Number         0  stubs.o ABSOLUTE
    _printf_llx                              0x00000000   Number         0  stubs.o ABSOLUTE
    _printf_longlong_dec                     0x00000000   Number         0  stubs.o ABSOLUTE
    _printf_longlong_hex                     0x00000000   Number         0  stubs.o ABSOLUTE
    _printf_longlong_oct                     0x00000000   Number         0  stubs.o ABSOLUTE
    _printf_ls                               0x00000000   Number         0  stubs.o ABSOLUTE
    _printf_mbtowc                           0x00000000   Number         0  stubs.o ABSOLUTE
    _printf_n                                0x00000000   Number         0  stubs.o ABSOLUTE
    _printf_o                                0x00000000   Number         0  stubs.o ABSOLUTE
    _printf_p                                0x00000000   Number         0  stubs.o ABSOLUTE
    _printf_percent                          0x00000000   Number         0  stubs.o ABSOLUTE
    _printf_pre_padding                      0x00000000   Number         0  stubs.o ABSOLUTE
    _printf_return_value                     0x00000000   Number         0  stubs.o ABSOLUTE
    _printf_s                                0x00000000   Number         0  stubs.o ABSOLUTE
    _printf_sizespec                         0x00000000   Number         0  stubs.o ABSOLUTE
    _printf_str                              0x00000000   Number         0  stubs.o ABSOLUTE
    _printf_truncate_signed                  0x00000000   Number         0  stubs.o ABSOLUTE
    _printf_truncate_unsigned                0x00000000   Number         0  stubs.o ABSOLUTE
    _printf_u                                0x00000000   Number         0  stubs.o ABSOLUTE
    _printf_wc                               0x00000000   Number         0  stubs.o ABSOLUTE
    _printf_wctomb                           0x00000000   Number         0  stubs.o ABSOLUTE
    _printf_widthprec                        0x00000000   Number         0  stubs.o ABSOLUTE
    _printf_x                                0x00000000   Number         0  stubs.o ABSOLUTE
    __cpp_initialize__aeabi_                  - Undefined Weak Reference
    __cxa_finalize                            - Undefined Weak Reference
    __decompress                              - Undefined Weak Reference
    _clock_init                               - Undefined Weak Reference
    _microlib_exit                            - Undefined Weak Reference
    __Vectors_Size                           0x00000130   Number         0  startup_stm32f103xe.o ABSOLUTE
    __Vectors                                0x08000000   Data           4  startup_stm32f103xe.o(RESET)
    __Vectors_End                            0x08000130   Data           0  startup_stm32f103xe.o(RESET)
    __main                                   0x08000131   Thumb Code     0  entry.o(.ARM.Collect$$$$00000000)
    _main_stk                                0x08000131   Thumb Code     0  entry2.o(.ARM.Collect$$$$00000001)
    _main_scatterload                        0x08000135   Thumb Code     0  entry5.o(.ARM.Collect$$$$00000004)
    __main_after_scatterload                 0x08000139   Thumb Code     0  entry5.o(.ARM.Collect$$$$00000004)
    _main_clock                              0x08000139   Thumb Code     0  entry7b.o(.ARM.Collect$$$$00000008)
    _main_cpp_init                           0x08000139   Thumb Code     0  entry8b.o(.ARM.Collect$$$$0000000A)
    _main_init                               0x08000139   Thumb Code     0  entry9a.o(.ARM.Collect$$$$0000000B)
    __rt_final_cpp                           0x08000141   Thumb Code     0  entry10a.o(.ARM.Collect$$$$0000000D)
    __rt_final_exit                          0x08000141   Thumb Code     0  entry11a.o(.ARM.Collect$$$$0000000F)
    Reset_Handler                            0x08000145   Thumb Code     8  startup_stm32f103xe.o(.text)
    ADC1_2_IRQHandler                        0x0800015f   Thumb Code     0  startup_stm32f103xe.o(.text)
    ADC3_IRQHandler                          0x0800015f   Thumb Code     0  startup_stm32f103xe.o(.text)
    CAN1_RX1_IRQHandler                      0x0800015f   Thumb Code     0  startup_stm32f103xe.o(.text)
    CAN1_SCE_IRQHandler                      0x0800015f   Thumb Code     0  startup_stm32f103xe.o(.text)
    DMA1_Channel1_IRQHandler                 0x0800015f   Thumb Code     0  startup_stm32f103xe.o(.text)
    DMA1_Channel2_IRQHandler                 0x0800015f   Thumb Code     0  startup_stm32f103xe.o(.text)
    DMA1_Channel3_IRQHandler                 0x0800015f   Thumb Code     0  startup_stm32f103xe.o(.text)
    DMA1_Channel4_IRQHandler                 0x0800015f   Thumb Code     0  startup_stm32f103xe.o(.text)
    DMA1_Channel5_IRQHandler                 0x0800015f   Thumb Code     0  startup_stm32f103xe.o(.text)
    DMA1_Channel6_IRQHandler                 0x0800015f   Thumb Code     0  startup_stm32f103xe.o(.text)
    DMA1_Channel7_IRQHandler                 0x0800015f   Thumb Code     0  startup_stm32f103xe.o(.text)
    DMA2_Channel1_IRQHandler                 0x0800015f   Thumb Code     0  startup_stm32f103xe.o(.text)
    DMA2_Channel2_IRQHandler                 0x0800015f   Thumb Code     0  startup_stm32f103xe.o(.text)
    DMA2_Channel3_IRQHandler                 0x0800015f   Thumb Code     0  startup_stm32f103xe.o(.text)
    DMA2_Channel4_5_IRQHandler               0x0800015f   Thumb Code     0  startup_stm32f103xe.o(.text)
    EXTI0_IRQHandler                         0x0800015f   Thumb Code     0  startup_stm32f103xe.o(.text)
    EXTI15_10_IRQHandler                     0x0800015f   Thumb Code     0  startup_stm32f103xe.o(.text)
    EXTI2_IRQHandler                         0x0800015f   Thumb Code     0  startup_stm32f103xe.o(.text)
    EXTI3_IRQHandler                         0x0800015f   Thumb Code     0  startup_stm32f103xe.o(.text)
    EXTI4_IRQHandler                         0x0800015f   Thumb Code     0  startup_stm32f103xe.o(.text)
    EXTI9_5_IRQHandler                       0x0800015f   Thumb Code     0  startup_stm32f103xe.o(.text)
    FLASH_IRQHandler                         0x0800015f   Thumb Code     0  startup_stm32f103xe.o(.text)
    FSMC_IRQHandler                          0x0800015f   Thumb Code     0  startup_stm32f103xe.o(.text)
    I2C1_ER_IRQHandler                       0x0800015f   Thumb Code     0  startup_stm32f103xe.o(.text)
    I2C1_EV_IRQHandler                       0x0800015f   Thumb Code     0  startup_stm32f103xe.o(.text)
    I2C2_ER_IRQHandler                       0x0800015f   Thumb Code     0  startup_stm32f103xe.o(.text)
    I2C2_EV_IRQHandler                       0x0800015f   Thumb Code     0  startup_stm32f103xe.o(.text)
    PVD_IRQHandler                           0x0800015f   Thumb Code     0  startup_stm32f103xe.o(.text)
    RCC_IRQHandler                           0x0800015f   Thumb Code     0  startup_stm32f103xe.o(.text)
    RTC_Alarm_IRQHandler                     0x0800015f   Thumb Code     0  startup_stm32f103xe.o(.text)
    RTC_IRQHandler                           0x0800015f   Thumb Code     0  startup_stm32f103xe.o(.text)
    SDIO_IRQHandler                          0x0800015f   Thumb Code     0  startup_stm32f103xe.o(.text)
    SPI1_IRQHandler                          0x0800015f   Thumb Code     0  startup_stm32f103xe.o(.text)
    SPI2_IRQHandler                          0x0800015f   Thumb Code     0  startup_stm32f103xe.o(.text)
    SPI3_IRQHandler                          0x0800015f   Thumb Code     0  startup_stm32f103xe.o(.text)
    TAMPER_IRQHandler                        0x0800015f   Thumb Code     0  startup_stm32f103xe.o(.text)
    TIM1_BRK_IRQHandler                      0x0800015f   Thumb Code     0  startup_stm32f103xe.o(.text)
    TIM1_CC_IRQHandler                       0x0800015f   Thumb Code     0  startup_stm32f103xe.o(.text)
    TIM1_TRG_COM_IRQHandler                  0x0800015f   Thumb Code     0  startup_stm32f103xe.o(.text)
    TIM1_UP_IRQHandler                       0x0800015f   Thumb Code     0  startup_stm32f103xe.o(.text)
    TIM2_IRQHandler                          0x0800015f   Thumb Code     0  startup_stm32f103xe.o(.text)
    TIM4_IRQHandler                          0x0800015f   Thumb Code     0  startup_stm32f103xe.o(.text)
    TIM5_IRQHandler                          0x0800015f   Thumb Code     0  startup_stm32f103xe.o(.text)
    TIM6_IRQHandler                          0x0800015f   Thumb Code     0  startup_stm32f103xe.o(.text)
    TIM7_IRQHandler                          0x0800015f   Thumb Code     0  startup_stm32f103xe.o(.text)
    TIM8_BRK_IRQHandler                      0x0800015f   Thumb Code     0  startup_stm32f103xe.o(.text)
    TIM8_CC_IRQHandler                       0x0800015f   Thumb Code     0  startup_stm32f103xe.o(.text)
    TIM8_TRG_COM_IRQHandler                  0x0800015f   Thumb Code     0  startup_stm32f103xe.o(.text)
    TIM8_UP_IRQHandler                       0x0800015f   Thumb Code     0  startup_stm32f103xe.o(.text)
    UART4_IRQHandler                         0x0800015f   Thumb Code     0  startup_stm32f103xe.o(.text)
    UART5_IRQHandler                         0x0800015f   Thumb Code     0  startup_stm32f103xe.o(.text)
    USART2_IRQHandler                        0x0800015f   Thumb Code     0  startup_stm32f103xe.o(.text)
    USART3_IRQHandler                        0x0800015f   Thumb Code     0  startup_stm32f103xe.o(.text)
    USBWakeUp_IRQHandler                     0x0800015f   Thumb Code     0  startup_stm32f103xe.o(.text)
    USB_HP_CAN1_TX_IRQHandler                0x0800015f   Thumb Code     0  startup_stm32f103xe.o(.text)
    USB_LP_CAN1_RX0_IRQHandler               0x0800015f   Thumb Code     0  startup_stm32f103xe.o(.text)
    WWDG_IRQHandler                          0x0800015f   Thumb Code     0  startup_stm32f103xe.o(.text)
    __aeabi_memcpy                           0x08000169   Thumb Code    36  memcpya.o(.text)
    __aeabi_memcpy4                          0x08000169   Thumb Code     0  memcpya.o(.text)
    __aeabi_memcpy8                          0x08000169   Thumb Code     0  memcpya.o(.text)
    strlen                                   0x0800018d   Thumb Code    14  strlen.o(.text)
    __aeabi_fadd                             0x0800019b   Thumb Code   164  fadd.o(.text)
    __aeabi_fsub                             0x0800023f   Thumb Code     6  fadd.o(.text)
    __aeabi_frsub                            0x08000245   Thumb Code     6  fadd.o(.text)
    __aeabi_fmul                             0x0800024b   Thumb Code   100  fmul.o(.text)
    __aeabi_fdiv                             0x080002af   Thumb Code   124  fdiv.o(.text)
    __aeabi_dmul                             0x0800032b   Thumb Code   228  dmul.o(.text)
    __aeabi_i2f                              0x0800040f   Thumb Code    18  fflti.o(.text)
    __aeabi_ui2f                             0x08000421   Thumb Code    10  ffltui.o(.text)
    __aeabi_ui2d                             0x0800042b   Thumb Code    26  dfltui.o(.text)
    __aeabi_f2iz                             0x08000445   Thumb Code    50  ffixi.o(.text)
    __aeabi_f2uiz                            0x08000477   Thumb Code    40  ffixui.o(.text)
    __aeabi_d2uiz                            0x0800049f   Thumb Code    50  dfixui.o(.text)
    __aeabi_f2d                              0x080004d1   Thumb Code    38  f2d.o(.text)
    __aeabi_cdcmpeq                          0x080004f9   Thumb Code     0  cdcmple.o(.text)
    __aeabi_cdcmple                          0x080004f9   Thumb Code    48  cdcmple.o(.text)
    __aeabi_cdrcmple                         0x08000529   Thumb Code    48  cdrcmple.o(.text)
    __aeabi_uldivmod                         0x08000559   Thumb Code    98  uldiv.o(.text)
    __aeabi_llsr                             0x080005bb   Thumb Code    32  llushr.o(.text)
    _ll_ushift_r                             0x080005bb   Thumb Code     0  llushr.o(.text)
    __I$use$fp                               0x080005db   Thumb Code     0  iusefp.o(.text)
    _float_round                             0x080005db   Thumb Code    18  fepilogue.o(.text)
    _float_epilogue                          0x080005ed   Thumb Code    92  fepilogue.o(.text)
    _double_round                            0x08000649   Thumb Code    30  depilogue.o(.text)
    _double_epilogue                         0x08000667   Thumb Code   156  depilogue.o(.text)
    _dsqrt                                   0x08000703   Thumb Code   162  dsqrt.o(.text)
    __scatterload                            0x080007a5   Thumb Code    28  init.o(.text)
    __scatterload_rt2                        0x080007a5   Thumb Code     0  init.o(.text)
    __aeabi_llsl                             0x080007c9   Thumb Code    30  llshl.o(.text)
    _ll_shift_l                              0x080007c9   Thumb Code     0  llshl.o(.text)
    AT24CXX_Init                             0x080007e7   Thumb Code     8  24cxx.o(i.AT24CXX_Init)
    AT24CXX_ReadLenByte                      0x080007ef   Thumb Code    44  24cxx.o(i.AT24CXX_ReadLenByte)
    AT24CXX_ReadOneByte                      0x0800081b   Thumb Code    88  24cxx.o(i.AT24CXX_ReadOneByte)
    AT24CXX_WriteLenByte                     0x08000873   Thumb Code    42  24cxx.o(i.AT24CXX_WriteLenByte)
    AT24CXX_WriteOneByte                     0x0800089d   Thumb Code    80  24cxx.o(i.AT24CXX_WriteOneByte)
    BusFault_Handler                         0x080008ed   Thumb Code     4  stm32f1xx_it.o(i.BusFault_Handler)
    DebugMon_Handler                         0x080008f1   Thumb Code     2  stm32f1xx_it.o(i.DebugMon_Handler)
    Draw_border                              0x080008f3   Thumb Code   208  logic.o(i.Draw_border)
    EXTI1_IRQHandler                         0x080009c3   Thumb Code    10  openmv_data.o(i.EXTI1_IRQHandler)
    FSMC_NORSRAM_Extended_Timing_Init        0x080009cd   Thumb Code    62  stm32f1xx_ll_fsmc.o(i.FSMC_NORSRAM_Extended_Timing_Init)
    FSMC_NORSRAM_Init                        0x08000a11   Thumb Code   106  stm32f1xx_ll_fsmc.o(i.FSMC_NORSRAM_Init)
    FSMC_NORSRAM_Timing_Init                 0x08000a81   Thumb Code    66  stm32f1xx_ll_fsmc.o(i.FSMC_NORSRAM_Timing_Init)
    HAL_DMA_Abort_IT                         0x08000ac5   Thumb Code   414  stm32f1xx_hal_dma.o(i.HAL_DMA_Abort_IT)
    HAL_GPIO_EXTI_Callback                   0x08000c6d   Thumb Code   146  openmv_data.o(i.HAL_GPIO_EXTI_Callback)
    HAL_GPIO_EXTI_IRQHandler                 0x08000d15   Thumb Code    24  stm32f1xx_hal_gpio.o(i.HAL_GPIO_EXTI_IRQHandler)
    HAL_GPIO_Init                            0x08000d31   Thumb Code   792  stm32f1xx_hal_gpio.o(i.HAL_GPIO_Init)
    HAL_GPIO_ReadPin                         0x08001071   Thumb Code    16  stm32f1xx_hal_gpio.o(i.HAL_GPIO_ReadPin)
    HAL_GPIO_WritePin                        0x08001081   Thumb Code    12  stm32f1xx_hal_gpio.o(i.HAL_GPIO_WritePin)
    HAL_GetTick                              0x0800108d   Thumb Code     6  stm32f1xx_hal.o(i.HAL_GetTick)
    HAL_IncTick                              0x08001099   Thumb Code    16  stm32f1xx_hal.o(i.HAL_IncTick)
    HAL_Init                                 0x080010b1   Thumb Code    34  stm32f1xx_hal.o(i.HAL_Init)
    HAL_InitTick                             0x080010d9   Thumb Code    64  stm32f1xx_hal.o(i.HAL_InitTick)
    HAL_MspInit                              0x08001125   Thumb Code     2  stm32f1xx_hal.o(i.HAL_MspInit)
    HAL_NVIC_EnableIRQ                       0x08001127   Thumb Code    32  stm32f1xx_hal_cortex.o(i.HAL_NVIC_EnableIRQ)
    HAL_NVIC_SetPriority                     0x08001147   Thumb Code   124  stm32f1xx_hal_cortex.o(i.HAL_NVIC_SetPriority)
    HAL_NVIC_SetPriorityGrouping             0x080011c5   Thumb Code    32  stm32f1xx_hal_cortex.o(i.HAL_NVIC_SetPriorityGrouping)
    HAL_RCC_ClockConfig                      0x080011ed   Thumb Code   376  stm32f1xx_hal_rcc.o(i.HAL_RCC_ClockConfig)
    HAL_RCC_GetHCLKFreq                      0x08001379   Thumb Code     6  stm32f1xx_hal_rcc.o(i.HAL_RCC_GetHCLKFreq)
    HAL_RCC_GetPCLK1Freq                     0x08001385   Thumb Code    22  stm32f1xx_hal_rcc.o(i.HAL_RCC_GetPCLK1Freq)
    HAL_RCC_GetPCLK2Freq                     0x080013a5   Thumb Code    22  stm32f1xx_hal_rcc.o(i.HAL_RCC_GetPCLK2Freq)
    HAL_RCC_GetSysClockFreq                  0x080013c5   Thumb Code   116  stm32f1xx_hal_rcc.o(i.HAL_RCC_GetSysClockFreq)
    HAL_RCC_OscConfig                        0x08001459   Thumb Code  1114  stm32f1xx_hal_rcc.o(i.HAL_RCC_OscConfig)
    HAL_SRAM_Init                            0x080018bd   Thumb Code    94  stm32f1xx_hal_sram.o(i.HAL_SRAM_Init)
    HAL_SRAM_MspInit                         0x0800191d   Thumb Code   170  tftlcd.o(i.HAL_SRAM_MspInit)
    HAL_SYSTICK_CLKSourceConfig              0x080019d9   Thumb Code    40  stm32f1xx_hal_cortex.o(i.HAL_SYSTICK_CLKSourceConfig)
    HAL_SYSTICK_Config                       0x08001a01   Thumb Code    52  stm32f1xx_hal_cortex.o(i.HAL_SYSTICK_Config)
    HAL_UART_ErrorCallback                   0x08001a35   Thumb Code     2  stm32f1xx_hal_uart.o(i.HAL_UART_ErrorCallback)
    HAL_UART_GetState                        0x08001a37   Thumb Code    20  stm32f1xx_hal_uart.o(i.HAL_UART_GetState)
    HAL_UART_IRQHandler                      0x08001a4d   Thumb Code   326  stm32f1xx_hal_uart.o(i.HAL_UART_IRQHandler)
    HAL_UART_Init                            0x08001b99   Thumb Code   114  stm32f1xx_hal_uart.o(i.HAL_UART_Init)
    HAL_UART_MspInit                         0x08001c0d   Thumb Code   130  usart.o(i.HAL_UART_MspInit)
    HAL_UART_Receive_IT                      0x08001c9d   Thumb Code   112  stm32f1xx_hal_uart.o(i.HAL_UART_Receive_IT)
    HAL_UART_RxCpltCallback                  0x08001d0d   Thumb Code   120  usart.o(i.HAL_UART_RxCpltCallback)
    HAL_UART_TxCpltCallback                  0x08001d95   Thumb Code     2  stm32f1xx_hal_uart.o(i.HAL_UART_TxCpltCallback)
    HardFault_Handler                        0x08001d97   Thumb Code     4  stm32f1xx_it.o(i.HardFault_Handler)
    IIC_Ack                                  0x08001d9d   Thumb Code    48  iic.o(i.IIC_Ack)
    IIC_Init                                 0x08001dd5   Thumb Code   108  iic.o(i.IIC_Init)
    IIC_NAck                                 0x08001e51   Thumb Code    48  iic.o(i.IIC_NAck)
    IIC_Read_Byte                            0x08001e89   Thumb Code    80  iic.o(i.IIC_Read_Byte)
    IIC_Send_Byte                            0x08001ee1   Thumb Code    90  iic.o(i.IIC_Send_Byte)
    IIC_Start                                0x08001f45   Thumb Code    46  iic.o(i.IIC_Start)
    IIC_Stop                                 0x08001f7d   Thumb Code    46  iic.o(i.IIC_Stop)
    IIC_Wait_Ack                             0x08001fb5   Thumb Code    68  iic.o(i.IIC_Wait_Ack)
    KEY_Init                                 0x08002001   Thumb Code    98  key.o(i.KEY_Init)
    LCD_Clear                                0x08002071   Thumb Code    68  tftlcd.o(i.LCD_Clear)
    LCD_Display_Dir                          0x080020b9   Thumb Code    82  tftlcd.o(i.LCD_Display_Dir)
    LCD_DrawFRONT_COLOR                      0x08002111   Thumb Code    28  tftlcd.o(i.LCD_DrawFRONT_COLOR)
    LCD_DrawLine                             0x0800212d   Thumb Code   176  tftlcd.o(i.LCD_DrawLine)
    LCD_DrawPoint                            0x080021dd   Thumb Code    28  tftlcd.o(i.LCD_DrawPoint)
    LCD_Draw_Circle                          0x080021fd   Thumb Code   152  tftlcd.o(i.LCD_Draw_Circle)
    LCD_Fill                                 0x08002295   Thumb Code    92  tftlcd.o(i.LCD_Fill)
    LCD_Pow                                  0x080022f1   Thumb Code    22  tftlcd.o(i.LCD_Pow)
    LCD_Set_Window                           0x08002307   Thumb Code   166  tftlcd.o(i.LCD_Set_Window)
    LCD_ShowChar                             0x080023ad   Thumb Code   272  tftlcd.o(i.LCD_ShowChar)
    LCD_ShowNum                              0x080024d5   Thumb Code   148  tftlcd.o(i.LCD_ShowNum)
    LCD_ShowString                           0x08002569   Thumb Code   102  tftlcd.o(i.LCD_ShowString)
    LCD_WriteCmd                             0x080025d1   Thumb Code     6  tftlcd.o(i.LCD_WriteCmd)
    LCD_WriteCmdData                         0x080025dd   Thumb Code    20  tftlcd.o(i.LCD_WriteCmdData)
    LCD_WriteData                            0x080025f1   Thumb Code     6  tftlcd.o(i.LCD_WriteData)
    LCD_WriteData_Color                      0x080025fd   Thumb Code    12  tftlcd.o(i.LCD_WriteData_Color)
    LED_Init                                 0x0800260d   Thumb Code   116  led.o(i.LED_Init)
    LOGIC_FLOW                               0x0800268d   Thumb Code   412  logic.o(i.LOGIC_FLOW)
    LOGIC_FLOW2                              0x08002869   Thumb Code   198  logic.o(i.LOGIC_FLOW2)
    MemManage_Handler                        0x0800295d   Thumb Code     4  stm32f1xx_it.o(i.MemManage_Handler)
    Music_GPIO_Init                          0x08002961   Thumb Code    56  music.o(i.Music_GPIO_Init)
    NMI_Handler                              0x080029a1   Thumb Code     2  stm32f1xx_it.o(i.NMI_Handler)
    PendSV_Handler                           0x080029a3   Thumb Code     2  stm32f1xx_it.o(i.PendSV_Handler)
    Receive_GPIO_Init                        0x080029cd   Thumb Code    80  openmv_data.o(i.Receive_GPIO_Init)
    SDA_IN                                   0x08002a29   Thumb Code    28  iic.o(i.SDA_IN)
    SDA_OUT                                  0x08002a49   Thumb Code    26  iic.o(i.SDA_OUT)
    SQUARE_FLOW                              0x08002a69   Thumb Code   100  logic.o(i.SQUARE_FLOW)
    SQUARE_FLOW_SELECT                       0x08002ad5   Thumb Code    16  logic.o(i.SQUARE_FLOW_SELECT)
    SVC_Handler                              0x08002ae9   Thumb Code     2  stm32f1xx_it.o(i.SVC_Handler)
    SysTick_Handler                          0x08002aeb   Thumb Code     8  stm32f1xx_it.o(i.SysTick_Handler)
    SysTick_Init                             0x08002af5   Thumb Code    16  systick.o(i.SysTick_Init)
    SystemClock_Init                         0x08002b09   Thumb Code    86  system.o(i.SystemClock_Init)
    SystemInit                               0x08002b61   Thumb Code    70  system_stm32f1xx.o(i.SystemInit)
    TFTLCD_FSMC_Init                         0x08002bb9   Thumb Code   158  tftlcd.o(i.TFTLCD_FSMC_Init)
    TFTLCD_Init                              0x08002c69   Thumb Code   498  tftlcd.o(i.TFTLCD_Init)
    TIM3_IRQHandler                          0x08002e75   Thumb Code    50  main.o(i.TIM3_IRQHandler)
    TIM3_Init                                0x08002eb1   Thumb Code    86  main.o(i.TIM3_Init)
    TP_Adj_Info_Show                         0x08002f15   Thumb Code   374  touch.o(i.TP_Adj_Info_Show)
    TP_Adjust                                0x080030bd   Thumb Code  2058  touch.o(i.TP_Adjust)
    TP_Drow_Touch_Point                      0x08003919   Thumb Code   108  touch.o(i.TP_Drow_Touch_Point)
    TP_Get_Adjdata                           0x08003989   Thumb Code   156  touch.o(i.TP_Get_Adjdata)
    TP_Init                                  0x08003a35   Thumb Code   186  touch.o(i.TP_Init)
    TP_Read_AD                               0x08003b01   Thumb Code   132  touch.o(i.TP_Read_AD)
    TP_Read_XOY                              0x08003b95   Thumb Code   122  touch.o(i.TP_Read_XOY)
    TP_Read_XY                               0x08003c11   Thumb Code    38  touch.o(i.TP_Read_XY)
    TP_Read_XY2                              0x08003c41   Thumb Code   192  touch.o(i.TP_Read_XY2)
    TP_Save_Adjdata                          0x08003d01   Thumb Code   110  touch.o(i.TP_Save_Adjdata)
    TP_Scan                                  0x08003d79   Thumb Code   256  touch.o(i.TP_Scan)
    TP_Write_Byte                            0x08003e81   Thumb Code    64  touch.o(i.TP_Write_Byte)
    USART1_IRQHandler                        0x080041d1   Thumb Code    56  usart.o(i.USART1_IRQHandler)
    USART1_Init                              0x08004211   Thumb Code    44  usart.o(i.USART1_Init)
    UsageFault_Handler                       0x08004249   Thumb Code     4  stm32f1xx_it.o(i.UsageFault_Handler)
    __0printf$5                              0x0800424d   Thumb Code    22  printf5.o(i.__0printf$5)
    __1printf$5                              0x0800424d   Thumb Code     0  printf5.o(i.__0printf$5)
    __2printf                                0x0800424d   Thumb Code     0  printf5.o(i.__0printf$5)
    __scatterload_copy                       0x080042e1   Thumb Code    14  handlers.o(i.__scatterload_copy)
    __scatterload_null                       0x080042ef   Thumb Code     2  handlers.o(i.__scatterload_null)
    __scatterload_zeroinit                   0x080042f1   Thumb Code    14  handlers.o(i.__scatterload_zeroinit)
    __set_errno                              0x08004301   Thumb Code     6  errno.o(i.__set_errno)
    delay_ms                                 0x080045cd   Thumb Code    24  systick.o(i.delay_ms)
    delay_us                                 0x080045e5   Thumb Code    68  systick.o(i.delay_us)
    fputc                                    0x0800462d   Thumb Code    24  usart.o(i.fputc)
    func1                                    0x08004649   Thumb Code    20  logic.o(i.func1)
    func10                                   0x0800465d   Thumb Code    22  logic.o(i.func10)
    func10w                                  0x08004673   Thumb Code    24  logic.o(i.func10w)
    func11                                   0x0800468b   Thumb Code    22  logic.o(i.func11)
    func11w                                  0x080046a1   Thumb Code    24  logic.o(i.func11w)
    func12                                   0x080046b9   Thumb Code    24  logic.o(i.func12)
    func12w                                  0x080046d1   Thumb Code    26  logic.o(i.func12w)
    func13                                   0x080046eb   Thumb Code    24  logic.o(i.func13)
    func13w                                  0x08004703   Thumb Code    26  logic.o(i.func13w)
    func14                                   0x0800471d   Thumb Code    24  logic.o(i.func14)
    func14w                                  0x08004735   Thumb Code    26  logic.o(i.func14w)
    func15                                   0x0800474f   Thumb Code    24  logic.o(i.func15)
    func15w                                  0x08004767   Thumb Code    26  logic.o(i.func15w)
    func16                                   0x08004781   Thumb Code    26  logic.o(i.func16)
    func16w                                  0x0800479b   Thumb Code    28  logic.o(i.func16w)
    func1w                                   0x080047b7   Thumb Code    22  logic.o(i.func1w)
    func2                                    0x080047cd   Thumb Code    20  logic.o(i.func2)
    func2w                                   0x080047e1   Thumb Code    22  logic.o(i.func2w)
    func3                                    0x080047f7   Thumb Code    20  logic.o(i.func3)
    func3w                                   0x0800480b   Thumb Code    22  logic.o(i.func3w)
    func4                                    0x08004821   Thumb Code    22  logic.o(i.func4)
    func4w                                   0x08004837   Thumb Code    24  logic.o(i.func4w)
    func5                                    0x0800484f   Thumb Code    20  logic.o(i.func5)
    func5w                                   0x08004863   Thumb Code    22  logic.o(i.func5w)
    func6                                    0x08004879   Thumb Code    20  logic.o(i.func6)
    func6w                                   0x0800488d   Thumb Code    22  logic.o(i.func6w)
    func7                                    0x080048a3   Thumb Code    20  logic.o(i.func7)
    func7w                                   0x080048b7   Thumb Code    22  logic.o(i.func7w)
    func8                                    0x080048cd   Thumb Code    22  logic.o(i.func8)
    func8w                                   0x080048e3   Thumb Code    24  logic.o(i.func8w)
    func9                                    0x080048fb   Thumb Code    22  logic.o(i.func9)
    func9w                                   0x08004911   Thumb Code    24  logic.o(i.func9w)
    kai_display                              0x08004929   Thumb Code   246  main.o(i.kai_display)
    main                                     0x08004a81   Thumb Code  3000  main.o(i.main)
    sqrt                                     0x0800564d   Thumb Code    76  sqrt.o(i.sqrt)
    AHBPrescTable                            0x08005698   Data          16  system_stm32f1xx.o(.constdata)
    APBPrescTable                            0x080056a8   Data           8  system_stm32f1xx.o(.constdata)
    ascii_1206                               0x080056b0   Data        1140  tftlcd.o(.constdata)
    ascii_1608                               0x08005b24   Data        1520  tftlcd.o(.constdata)
    ascii_2412                               0x08006114   Data        3420  tftlcd.o(.constdata)
    ascii_3216                               0x08006e70   Data       12160  tftlcd.o(.constdata)
    CnChar32x29                              0x08009df0   Data         472  tftlcd.o(.constdata)
    TP_REMIND_MSG_TBL                        0x0800a048   Data           4  touch.o(.constdata)
    Region$$Table$$Base                      0x0800a0c8   Number         0  anon$$obj.o(Region$$Table)
    Region$$Table$$Limit                     0x0800a0e8   Number         0  anon$$obj.o(Region$$Table)
    carry_num                                0x20000000   Data           4  main.o(.data)
    SystemCoreClock                          0x20000004   Data           4  system_stm32f1xx.o(.data)
    uwTick                                   0x20000008   Data           4  stm32f1xx_hal.o(.data)
    uwTickPrio                               0x2000000c   Data           4  stm32f1xx_hal.o(.data)
    uwTickFreq                               0x20000010   Data           1  stm32f1xx_hal.o(.data)
    FRONT_COLOR                              0x20000012   Data           2  tftlcd.o(.data)
    BACK_COLOR                               0x20000014   Data           2  tftlcd.o(.data)
    tftlcd_data                              0x20000016   Data           8  tftlcd.o(.data)
    score                                    0x20000020   Data           4  logic.o(.data)
    random_num                               0x20000024   Data         148  logic.o(.data)
    i_num                                    0x200000b8   Data           4  logic.o(.data)
    status_game                              0x200000bc   Data           4  logic.o(.data)
    tp_dev                                   0x200000c0   Data          72  touch.o(.data)
    CMD_RDX                                  0x20000108   Data           1  touch.o(.data)
    CMD_RDY                                  0x20000109   Data           1  touch.o(.data)
    BIT_flag                                 0x2000010c   Data           4  openmv_data.o(.data)
    STATUS_REC                               0x20000110   Data           1  openmv_data.o(.data)
    SEND_TO_LCD                              0x20000111   Data           1  openmv_data.o(.data)
    rec_flag                                 0x20000114   Data           4  openmv_data.o(.data)
    USART1_RX_STA                            0x2000011c   Data           2  usart.o(.data)
    aRxBuffer                                0x2000011e   Data           1  usart.o(.data)
    __stdout                                 0x20000120   Data           4  stdout.o(.data)
    TFTSRAM_Handler                          0x20000128   Data          72  tftlcd.o(.bss)
    LOGIC_TABLE                              0x20000170   Data          64  logic.o(.bss)
    UART1_Handler                            0x200001b0   Data          64  usart.o(.bss)
    USART1_RX_BUF                            0x200001f0   Data         200  usart.o(.bss)
    __initial_sp                             0x200006b8   Data           0  startup_stm32f103xe.o(STACK)



==============================================================================

Memory Map of the image

  Image Entry point : 0x08000131

  Load Region LR_IROM1 (Base: 0x08000000, Size: 0x0000a210, Max: 0x00080000, ABSOLUTE)

    Execution Region ER_IROM1 (Exec base: 0x08000000, Load base: 0x08000000, Size: 0x0000a0e8, Max: 0x00080000, ABSOLUTE)

    Exec Addr    Load Addr    Size         Type   Attr      Idx    E Section Name        Object

    0x08000000   0x08000000   0x00000130   Data   RO          460    RESET               startup_stm32f103xe.o
    0x08000130   0x08000130   0x00000000   Code   RO         5360  * .ARM.Collect$$$$00000000  mc_w.l(entry.o)
    0x08000130   0x08000130   0x00000004   Code   RO         5658    .ARM.Collect$$$$00000001  mc_w.l(entry2.o)
    0x08000134   0x08000134   0x00000004   Code   RO         5661    .ARM.Collect$$$$00000004  mc_w.l(entry5.o)
    0x08000138   0x08000138   0x00000000   Code   RO         5663    .ARM.Collect$$$$00000008  mc_w.l(entry7b.o)
    0x08000138   0x08000138   0x00000000   Code   RO         5665    .ARM.Collect$$$$0000000A  mc_w.l(entry8b.o)
    0x08000138   0x08000138   0x00000008   Code   RO         5666    .ARM.Collect$$$$0000000B  mc_w.l(entry9a.o)
    0x08000140   0x08000140   0x00000000   Code   RO         5668    .ARM.Collect$$$$0000000D  mc_w.l(entry10a.o)
    0x08000140   0x08000140   0x00000000   Code   RO         5670    .ARM.Collect$$$$0000000F  mc_w.l(entry11a.o)
    0x08000140   0x08000140   0x00000004   Code   RO         5659    .ARM.Collect$$$$00002712  mc_w.l(entry2.o)
    0x08000144   0x08000144   0x00000024   Code   RO          461    .text               startup_stm32f103xe.o
    0x08000168   0x08000168   0x00000024   Code   RO         5363    .text               mc_w.l(memcpya.o)
    0x0800018c   0x0800018c   0x0000000e   Code   RO         5365    .text               mc_w.l(strlen.o)
    0x0800019a   0x0800019a   0x000000b0   Code   RO         5632    .text               mf_w.l(fadd.o)
    0x0800024a   0x0800024a   0x00000064   Code   RO         5634    .text               mf_w.l(fmul.o)
    0x080002ae   0x080002ae   0x0000007c   Code   RO         5636    .text               mf_w.l(fdiv.o)
    0x0800032a   0x0800032a   0x000000e4   Code   RO         5638    .text               mf_w.l(dmul.o)
    0x0800040e   0x0800040e   0x00000012   Code   RO         5640    .text               mf_w.l(fflti.o)
    0x08000420   0x08000420   0x0000000a   Code   RO         5642    .text               mf_w.l(ffltui.o)
    0x0800042a   0x0800042a   0x0000001a   Code   RO         5644    .text               mf_w.l(dfltui.o)
    0x08000444   0x08000444   0x00000032   Code   RO         5646    .text               mf_w.l(ffixi.o)
    0x08000476   0x08000476   0x00000028   Code   RO         5648    .text               mf_w.l(ffixui.o)
    0x0800049e   0x0800049e   0x00000032   Code   RO         5650    .text               mf_w.l(dfixui.o)
    0x080004d0   0x080004d0   0x00000026   Code   RO         5652    .text               mf_w.l(f2d.o)
    0x080004f6   0x080004f6   0x00000002   PAD
    0x080004f8   0x080004f8   0x00000030   Code   RO         5654    .text               mf_w.l(cdcmple.o)
    0x08000528   0x08000528   0x00000030   Code   RO         5656    .text               mf_w.l(cdrcmple.o)
    0x08000558   0x08000558   0x00000062   Code   RO         5675    .text               mc_w.l(uldiv.o)
    0x080005ba   0x080005ba   0x00000020   Code   RO         5677    .text               mc_w.l(llushr.o)
    0x080005da   0x080005da   0x00000000   Code   RO         5686    .text               mc_w.l(iusefp.o)
    0x080005da   0x080005da   0x0000006e   Code   RO         5687    .text               mf_w.l(fepilogue.o)
    0x08000648   0x08000648   0x000000ba   Code   RO         5689    .text               mf_w.l(depilogue.o)
    0x08000702   0x08000702   0x000000a2   Code   RO         5695    .text               mf_w.l(dsqrt.o)
    0x080007a4   0x080007a4   0x00000024   Code   RO         5699    .text               mc_w.l(init.o)
    0x080007c8   0x080007c8   0x0000001e   Code   RO         5701    .text               mc_w.l(llshl.o)
    0x080007e6   0x080007e6   0x00000008   Code   RO         5091    i.AT24CXX_Init      24cxx.o
    0x080007ee   0x080007ee   0x0000002c   Code   RO         5093    i.AT24CXX_ReadLenByte  24cxx.o
    0x0800081a   0x0800081a   0x00000058   Code   RO         5094    i.AT24CXX_ReadOneByte  24cxx.o
    0x08000872   0x08000872   0x0000002a   Code   RO         5096    i.AT24CXX_WriteLenByte  24cxx.o
    0x0800089c   0x0800089c   0x00000050   Code   RO         5097    i.AT24CXX_WriteOneByte  24cxx.o
    0x080008ec   0x080008ec   0x00000004   Code   RO          260    i.BusFault_Handler  stm32f1xx_it.o
    0x080008f0   0x080008f0   0x00000002   Code   RO          261    i.DebugMon_Handler  stm32f1xx_it.o
    0x080008f2   0x080008f2   0x000000d0   Code   RO         4434    i.Draw_border       logic.o
    0x080009c2   0x080009c2   0x0000000a   Code   RO         5159    i.EXTI1_IRQHandler  openmv_data.o
    0x080009cc   0x080009cc   0x00000044   Code   RO         3938    i.FSMC_NORSRAM_Extended_Timing_Init  stm32f1xx_ll_fsmc.o
    0x08000a10   0x08000a10   0x00000070   Code   RO         3939    i.FSMC_NORSRAM_Init  stm32f1xx_ll_fsmc.o
    0x08000a80   0x08000a80   0x00000042   Code   RO         3940    i.FSMC_NORSRAM_Timing_Init  stm32f1xx_ll_fsmc.o
    0x08000ac2   0x08000ac2   0x00000002   PAD
    0x08000ac4   0x08000ac4   0x000001a8   Code   RO         2147    i.HAL_DMA_Abort_IT  stm32f1xx_hal_dma.o
    0x08000c6c   0x08000c6c   0x000000a8   Code   RO         5160    i.HAL_GPIO_EXTI_Callback  openmv_data.o
    0x08000d14   0x08000d14   0x0000001c   Code   RO          766    i.HAL_GPIO_EXTI_IRQHandler  stm32f1xx_hal_gpio.o
    0x08000d30   0x08000d30   0x00000340   Code   RO          767    i.HAL_GPIO_Init     stm32f1xx_hal_gpio.o
    0x08001070   0x08001070   0x00000010   Code   RO          769    i.HAL_GPIO_ReadPin  stm32f1xx_hal_gpio.o
    0x08001080   0x08001080   0x0000000c   Code   RO          771    i.HAL_GPIO_WritePin  stm32f1xx_hal_gpio.o
    0x0800108c   0x0800108c   0x0000000c   Code   RO          479    i.HAL_GetTick       stm32f1xx_hal.o
    0x08001098   0x08001098   0x00000018   Code   RO          485    i.HAL_IncTick       stm32f1xx_hal.o
    0x080010b0   0x080010b0   0x00000028   Code   RO          486    i.HAL_Init          stm32f1xx_hal.o
    0x080010d8   0x080010d8   0x0000004c   Code   RO          487    i.HAL_InitTick      stm32f1xx_hal.o
    0x08001124   0x08001124   0x00000002   Code   RO          489    i.HAL_MspInit       stm32f1xx_hal.o
    0x08001126   0x08001126   0x00000020   Code   RO          644    i.HAL_NVIC_EnableIRQ  stm32f1xx_hal_cortex.o
    0x08001146   0x08001146   0x0000007c   Code   RO          650    i.HAL_NVIC_SetPriority  stm32f1xx_hal_cortex.o
    0x080011c2   0x080011c2   0x00000002   PAD
    0x080011c4   0x080011c4   0x00000028   Code   RO          651    i.HAL_NVIC_SetPriorityGrouping  stm32f1xx_hal_cortex.o
    0x080011ec   0x080011ec   0x0000018c   Code   RO          992    i.HAL_RCC_ClockConfig  stm32f1xx_hal_rcc.o
    0x08001378   0x08001378   0x0000000c   Code   RO          997    i.HAL_RCC_GetHCLKFreq  stm32f1xx_hal_rcc.o
    0x08001384   0x08001384   0x00000020   Code   RO          999    i.HAL_RCC_GetPCLK1Freq  stm32f1xx_hal_rcc.o
    0x080013a4   0x080013a4   0x00000020   Code   RO         1000    i.HAL_RCC_GetPCLK2Freq  stm32f1xx_hal_rcc.o
    0x080013c4   0x080013c4   0x00000094   Code   RO         1001    i.HAL_RCC_GetSysClockFreq  stm32f1xx_hal_rcc.o
    0x08001458   0x08001458   0x00000464   Code   RO         1004    i.HAL_RCC_OscConfig  stm32f1xx_hal_rcc.o
    0x080018bc   0x080018bc   0x0000005e   Code   RO         4060    i.HAL_SRAM_Init     stm32f1xx_hal_sram.o
    0x0800191a   0x0800191a   0x00000002   PAD
    0x0800191c   0x0800191c   0x000000bc   Code   RO         4218    i.HAL_SRAM_MspInit  tftlcd.o
    0x080019d8   0x080019d8   0x00000028   Code   RO          653    i.HAL_SYSTICK_CLKSourceConfig  stm32f1xx_hal_cortex.o
    0x08001a00   0x08001a00   0x00000034   Code   RO          655    i.HAL_SYSTICK_Config  stm32f1xx_hal_cortex.o
    0x08001a34   0x08001a34   0x00000002   Code   RO         2527    i.HAL_UART_ErrorCallback  stm32f1xx_hal_uart.o
    0x08001a36   0x08001a36   0x00000014   Code   RO         2529    i.HAL_UART_GetState  stm32f1xx_hal_uart.o
    0x08001a4a   0x08001a4a   0x00000002   PAD
    0x08001a4c   0x08001a4c   0x0000014c   Code   RO         2530    i.HAL_UART_IRQHandler  stm32f1xx_hal_uart.o
    0x08001b98   0x08001b98   0x00000072   Code   RO         2531    i.HAL_UART_Init     stm32f1xx_hal_uart.o
    0x08001c0a   0x08001c0a   0x00000002   PAD
    0x08001c0c   0x08001c0c   0x00000090   Code   RO         5296    i.HAL_UART_MspInit  usart.o
    0x08001c9c   0x08001c9c   0x00000070   Code   RO         2536    i.HAL_UART_Receive_IT  stm32f1xx_hal_uart.o
    0x08001d0c   0x08001d0c   0x00000088   Code   RO         5297    i.HAL_UART_RxCpltCallback  usart.o
    0x08001d94   0x08001d94   0x00000002   Code   RO         2542    i.HAL_UART_TxCpltCallback  stm32f1xx_hal_uart.o
    0x08001d96   0x08001d96   0x00000004   Code   RO          262    i.HardFault_Handler  stm32f1xx_it.o
    0x08001d9a   0x08001d9a   0x00000002   PAD
    0x08001d9c   0x08001d9c   0x00000038   Code   RO         5009    i.IIC_Ack           iic.o
    0x08001dd4   0x08001dd4   0x0000007c   Code   RO         5010    i.IIC_Init          iic.o
    0x08001e50   0x08001e50   0x00000038   Code   RO         5011    i.IIC_NAck          iic.o
    0x08001e88   0x08001e88   0x00000058   Code   RO         5012    i.IIC_Read_Byte     iic.o
    0x08001ee0   0x08001ee0   0x00000064   Code   RO         5013    i.IIC_Send_Byte     iic.o
    0x08001f44   0x08001f44   0x00000038   Code   RO         5014    i.IIC_Start         iic.o
    0x08001f7c   0x08001f7c   0x00000038   Code   RO         5015    i.IIC_Stop          iic.o
    0x08001fb4   0x08001fb4   0x0000004c   Code   RO         5016    i.IIC_Wait_Ack      iic.o
    0x08002000   0x08002000   0x00000070   Code   RO         4975    i.KEY_Init          key.o
    0x08002070   0x08002070   0x00000048   Code   RO         4219    i.LCD_Clear         tftlcd.o
    0x080020b8   0x080020b8   0x00000058   Code   RO         4221    i.LCD_Display_Dir   tftlcd.o
    0x08002110   0x08002110   0x0000001c   Code   RO         4222    i.LCD_DrawFRONT_COLOR  tftlcd.o
    0x0800212c   0x0800212c   0x000000b0   Code   RO         4223    i.LCD_DrawLine      tftlcd.o
    0x080021dc   0x080021dc   0x00000020   Code   RO         4225    i.LCD_DrawPoint     tftlcd.o
    0x080021fc   0x080021fc   0x00000098   Code   RO         4227    i.LCD_Draw_Circle   tftlcd.o
    0x08002294   0x08002294   0x0000005c   Code   RO         4229    i.LCD_Fill          tftlcd.o
    0x080022f0   0x080022f0   0x00000016   Code   RO         4230    i.LCD_Pow           tftlcd.o
    0x08002306   0x08002306   0x000000a6   Code   RO         4235    i.LCD_Set_Window    tftlcd.o
    0x080023ac   0x080023ac   0x00000128   Code   RO         4236    i.LCD_ShowChar      tftlcd.o
    0x080024d4   0x080024d4   0x00000094   Code   RO         4238    i.LCD_ShowNum       tftlcd.o
    0x08002568   0x08002568   0x00000066   Code   RO         4240    i.LCD_ShowString    tftlcd.o
    0x080025ce   0x080025ce   0x00000002   PAD
    0x080025d0   0x080025d0   0x0000000c   Code   RO         4242    i.LCD_WriteCmd      tftlcd.o
    0x080025dc   0x080025dc   0x00000014   Code   RO         4243    i.LCD_WriteCmdData  tftlcd.o
    0x080025f0   0x080025f0   0x0000000c   Code   RO         4244    i.LCD_WriteData     tftlcd.o
    0x080025fc   0x080025fc   0x00000010   Code   RO         4245    i.LCD_WriteData_Color  tftlcd.o
    0x0800260c   0x0800260c   0x00000080   Code   RO         4191    i.LED_Init          led.o
    0x0800268c   0x0800268c   0x000001dc   Code   RO         4435    i.LOGIC_FLOW        logic.o
    0x08002868   0x08002868   0x000000f4   Code   RO         4436    i.LOGIC_FLOW2       logic.o
    0x0800295c   0x0800295c   0x00000004   Code   RO          263    i.MemManage_Handler  stm32f1xx_it.o
    0x08002960   0x08002960   0x00000040   Code   RO         5201    i.Music_GPIO_Init   music.o
    0x080029a0   0x080029a0   0x00000002   Code   RO          264    i.NMI_Handler       stm32f1xx_it.o
    0x080029a2   0x080029a2   0x00000002   Code   RO          265    i.PendSV_Handler    stm32f1xx_it.o
    0x080029a4   0x080029a4   0x00000028   Code   RO         1005    i.RCC_Delay         stm32f1xx_hal_rcc.o
    0x080029cc   0x080029cc   0x0000005c   Code   RO         5161    i.Receive_GPIO_Init  openmv_data.o
    0x08002a28   0x08002a28   0x00000020   Code   RO         5017    i.SDA_IN            iic.o
    0x08002a48   0x08002a48   0x00000020   Code   RO         5018    i.SDA_OUT           iic.o
    0x08002a68   0x08002a68   0x0000006c   Code   RO         4437    i.SQUARE_FLOW       logic.o
    0x08002ad4   0x08002ad4   0x00000014   Code   RO         4438    i.SQUARE_FLOW_SELECT  logic.o
    0x08002ae8   0x08002ae8   0x00000002   Code   RO          266    i.SVC_Handler       stm32f1xx_it.o
    0x08002aea   0x08002aea   0x00000008   Code   RO          267    i.SysTick_Handler   stm32f1xx_it.o
    0x08002af2   0x08002af2   0x00000002   PAD
    0x08002af4   0x08002af4   0x00000014   Code   RO         5255    i.SysTick_Init      systick.o
    0x08002b08   0x08002b08   0x00000056   Code   RO         5228    i.SystemClock_Init  system.o
    0x08002b5e   0x08002b5e   0x00000002   PAD
    0x08002b60   0x08002b60   0x00000058   Code   RO          343    i.SystemInit        system_stm32f1xx.o
    0x08002bb8   0x08002bb8   0x000000b0   Code   RO         4246    i.TFTLCD_FSMC_Init  tftlcd.o
    0x08002c68   0x08002c68   0x0000020c   Code   RO         4247    i.TFTLCD_Init       tftlcd.o
    0x08002e74   0x08002e74   0x0000003c   Code   RO            4    i.TIM3_IRQHandler   main.o
    0x08002eb0   0x08002eb0   0x00000064   Code   RO            5    i.TIM3_Init         main.o
    0x08002f14   0x08002f14   0x000001a8   Code   RO         4704    i.TP_Adj_Info_Show  touch.o
    0x080030bc   0x080030bc   0x0000085c   Code   RO         4705    i.TP_Adjust         touch.o
    0x08003918   0x08003918   0x00000070   Code   RO         4707    i.TP_Drow_Touch_Point  touch.o
    0x08003988   0x08003988   0x000000ac   Code   RO         4708    i.TP_Get_Adjdata    touch.o
    0x08003a34   0x08003a34   0x000000cc   Code   RO         4709    i.TP_Init           touch.o
    0x08003b00   0x08003b00   0x00000094   Code   RO         4710    i.TP_Read_AD        touch.o
    0x08003b94   0x08003b94   0x0000007a   Code   RO         4711    i.TP_Read_XOY       touch.o
    0x08003c0e   0x08003c0e   0x00000002   PAD
    0x08003c10   0x08003c10   0x00000030   Code   RO         4712    i.TP_Read_XY        touch.o
    0x08003c40   0x08003c40   0x000000c0   Code   RO         4713    i.TP_Read_XY2       touch.o
    0x08003d00   0x08003d00   0x00000078   Code   RO         4714    i.TP_Save_Adjdata   touch.o
    0x08003d78   0x08003d78   0x00000108   Code   RO         4715    i.TP_Scan           touch.o
    0x08003e80   0x08003e80   0x0000004c   Code   RO         4716    i.TP_Write_Byte     touch.o
    0x08003ecc   0x08003ecc   0x00000014   Code   RO         2544    i.UART_DMAAbortOnError  stm32f1xx_hal_uart.o
    0x08003ee0   0x08003ee0   0x00000020   Code   RO         2554    i.UART_EndRxTransfer  stm32f1xx_hal_uart.o
    0x08003f00   0x08003f00   0x00000020   Code   RO         2555    i.UART_EndTransmit_IT  stm32f1xx_hal_uart.o
    0x08003f20   0x08003f20   0x000000a6   Code   RO         2557    i.UART_Receive_IT   stm32f1xx_hal_uart.o
    0x08003fc6   0x08003fc6   0x00000002   PAD
    0x08003fc8   0x08003fc8   0x000001a0   Code   RO         2558    i.UART_SetConfig    stm32f1xx_hal_uart.o
    0x08004168   0x08004168   0x00000068   Code   RO         2559    i.UART_Transmit_IT  stm32f1xx_hal_uart.o
    0x080041d0   0x080041d0   0x00000040   Code   RO         5298    i.USART1_IRQHandler  usart.o
    0x08004210   0x08004210   0x00000038   Code   RO         5299    i.USART1_Init       usart.o
    0x08004248   0x08004248   0x00000004   Code   RO          268    i.UsageFault_Handler  stm32f1xx_it.o
    0x0800424c   0x0800424c   0x00000020   Code   RO         5504    i.__0printf$5       mc_w.l(printf5.o)
    0x0800426c   0x0800426c   0x0000003c   Code   RO         4439    i.__NVIC_DisableIRQ  logic.o
    0x080042a8   0x080042a8   0x00000010   Code   RO          657    i.__NVIC_GetPriorityGrouping  stm32f1xx_hal_cortex.o
    0x080042b8   0x080042b8   0x00000028   Code   RO          658    i.__NVIC_SetPriority  stm32f1xx_hal_cortex.o
    0x080042e0   0x080042e0   0x0000000e   Code   RO         5707    i.__scatterload_copy  mc_w.l(handlers.o)
    0x080042ee   0x080042ee   0x00000002   Code   RO         5708    i.__scatterload_null  mc_w.l(handlers.o)
    0x080042f0   0x080042f0   0x0000000e   Code   RO         5709    i.__scatterload_zeroinit  mc_w.l(handlers.o)
    0x080042fe   0x080042fe   0x00000002   PAD
    0x08004300   0x08004300   0x0000000c   Code   RO         5681    i.__set_errno       mc_w.l(errno.o)
    0x0800430c   0x0800430c   0x000002c0   Code   RO         5511    i._printf_core      mc_w.l(printf5.o)
    0x080045cc   0x080045cc   0x00000018   Code   RO         5256    i.delay_ms          systick.o
    0x080045e4   0x080045e4   0x00000048   Code   RO         5257    i.delay_us          systick.o
    0x0800462c   0x0800462c   0x0000001c   Code   RO         5300    i.fputc             usart.o
    0x08004648   0x08004648   0x00000014   Code   RO         4440    i.func1             logic.o
    0x0800465c   0x0800465c   0x00000016   Code   RO         4441    i.func10            logic.o
    0x08004672   0x08004672   0x00000018   Code   RO         4442    i.func10w           logic.o
    0x0800468a   0x0800468a   0x00000016   Code   RO         4443    i.func11            logic.o
    0x080046a0   0x080046a0   0x00000018   Code   RO         4444    i.func11w           logic.o
    0x080046b8   0x080046b8   0x00000018   Code   RO         4445    i.func12            logic.o
    0x080046d0   0x080046d0   0x0000001a   Code   RO         4446    i.func12w           logic.o
    0x080046ea   0x080046ea   0x00000018   Code   RO         4447    i.func13            logic.o
    0x08004702   0x08004702   0x0000001a   Code   RO         4448    i.func13w           logic.o
    0x0800471c   0x0800471c   0x00000018   Code   RO         4449    i.func14            logic.o
    0x08004734   0x08004734   0x0000001a   Code   RO         4450    i.func14w           logic.o
    0x0800474e   0x0800474e   0x00000018   Code   RO         4451    i.func15            logic.o
    0x08004766   0x08004766   0x0000001a   Code   RO         4452    i.func15w           logic.o
    0x08004780   0x08004780   0x0000001a   Code   RO         4453    i.func16            logic.o
    0x0800479a   0x0800479a   0x0000001c   Code   RO         4454    i.func16w           logic.o
    0x080047b6   0x080047b6   0x00000016   Code   RO         4455    i.func1w            logic.o
    0x080047cc   0x080047cc   0x00000014   Code   RO         4456    i.func2             logic.o
    0x080047e0   0x080047e0   0x00000016   Code   RO         4457    i.func2w            logic.o
    0x080047f6   0x080047f6   0x00000014   Code   RO         4458    i.func3             logic.o
    0x0800480a   0x0800480a   0x00000016   Code   RO         4459    i.func3w            logic.o
    0x08004820   0x08004820   0x00000016   Code   RO         4460    i.func4             logic.o
    0x08004836   0x08004836   0x00000018   Code   RO         4461    i.func4w            logic.o
    0x0800484e   0x0800484e   0x00000014   Code   RO         4462    i.func5             logic.o
    0x08004862   0x08004862   0x00000016   Code   RO         4463    i.func5w            logic.o
    0x08004878   0x08004878   0x00000014   Code   RO         4464    i.func6             logic.o
    0x0800488c   0x0800488c   0x00000016   Code   RO         4465    i.func6w            logic.o
    0x080048a2   0x080048a2   0x00000014   Code   RO         4466    i.func7             logic.o
    0x080048b6   0x080048b6   0x00000016   Code   RO         4467    i.func7w            logic.o
    0x080048cc   0x080048cc   0x00000016   Code   RO         4468    i.func8             logic.o
    0x080048e2   0x080048e2   0x00000018   Code   RO         4469    i.func8w            logic.o
    0x080048fa   0x080048fa   0x00000016   Code   RO         4470    i.func9             logic.o
    0x08004910   0x08004910   0x00000018   Code   RO         4471    i.func9w            logic.o
    0x08004928   0x08004928   0x00000158   Code   RO            6    i.kai_display       main.o
    0x08004a80   0x08004a80   0x00000bcc   Code   RO            7    i.main              main.o
    0x0800564c   0x0800564c   0x0000004c   Code   RO         5353    i.sqrt              m_ws.l(sqrt.o)
    0x08005698   0x08005698   0x00000018   Data   RO          344    .constdata          system_stm32f1xx.o
    0x080056b0   0x080056b0   0x00004918   Data   RO         4249    .constdata          tftlcd.o
    0x08009fc8   0x08009fc8   0x00000080   Data   RO         4473    .constdata          logic.o
    0x0800a048   0x0800a048   0x00000004   Data   RO         4717    .constdata          touch.o
    0x0800a04c   0x0800a04c   0x00000079   Data   RO         4718    .conststring        touch.o
    0x0800a0c5   0x0800a0c5   0x00000003   PAD
    0x0800a0c8   0x0800a0c8   0x00000020   Data   RO         5705    Region$$Table       anon$$obj.o


    Execution Region RW_IRAM1 (Exec base: 0x20000000, Load base: 0x0800a0e8, Size: 0x000006b8, Max: 0x00010000, ABSOLUTE)

    Exec Addr    Load Addr    Size         Type   Attr      Idx    E Section Name        Object

    0x20000000   0x0800a0e8   0x00000004   Data   RW            9    .data               main.o
    0x20000004   0x0800a0ec   0x00000004   Data   RW          345    .data               system_stm32f1xx.o
    0x20000008   0x0800a0f0   0x00000009   Data   RW          493    .data               stm32f1xx_hal.o
    0x20000011   0x0800a0f9   0x00000001   PAD
    0x20000012   0x0800a0fa   0x0000000c   Data   RW         4250    .data               tftlcd.o
    0x2000001e   0x0800a106   0x00000002   PAD
    0x20000020   0x0800a108   0x000000a0   Data   RW         4474    .data               logic.o
    0x200000c0   0x0800a1a8   0x0000004a   Data   RW         4719    .data               touch.o
    0x2000010a   0x0800a1f2   0x00000002   PAD
    0x2000010c   0x0800a1f4   0x0000000c   Data   RW         5162    .data               openmv_data.o
    0x20000118   0x0800a200   0x00000004   Data   RW         5258    .data               systick.o
    0x2000011c   0x0800a204   0x00000003   Data   RW         5302    .data               usart.o
    0x2000011f   0x0800a207   0x00000001   PAD
    0x20000120   0x0800a208   0x00000004   Data   RW         5672    .data               mc_w.l(stdout.o)
    0x20000124   0x0800a20c   0x00000004   Data   RW         5682    .data               mc_w.l(errno.o)
    0x20000128        -       0x00000048   Zero   RW         4248    .bss                tftlcd.o
    0x20000170        -       0x00000040   Zero   RW         4472    .bss                logic.o
    0x200001b0        -       0x00000108   Zero   RW         5301    .bss                usart.o
    0x200002b8        -       0x00000400   Zero   RW          458    STACK               startup_stm32f103xe.o


==============================================================================

Image component sizes


      Code (inc. data)   RO Data    RW Data    ZI Data      Debug   Object Name

       262          0          0          0          0       2789   24cxx.o
       676         88          0          0          0       5181   iic.o
       112         14          0          0          0        947   key.o
       128         12          0          0          0        923   led.o
      1852        128        128        160         64      17011   logic.o
      3524        346          0          4          0     494325   main.o
        64          8          0          0          0        914   music.o
       270         34          0         12          0       2383   openmv_data.o
        36          8        304          0       1024        780   startup_stm32f103xe.o
       154         32          0          9          0       6263   stm32f1xx_hal.o
       344         22          0          0          0      29697   stm32f1xx_hal_cortex.o
       424         10          0          0          0       1295   stm32f1xx_hal_dma.o
       888         44          0          0          0       3918   stm32f1xx_hal_gpio.o
      1784        110          0          0          0       5916   stm32f1xx_hal_rcc.o
        94          0          0          0          0       1260   stm32f1xx_hal_sram.o
      1352         10          0          0          0       8039   stm32f1xx_hal_uart.o
        32          0          0          0          0       3562   stm32f1xx_it.o
       246         12          0          0          0       3791   stm32f1xx_ll_fsmc.o
        86          0          0          0          0       2471   system.o
        88         18         24          4          0       1147   system_stm32f1xx.o
       116          8          0          4          0       1693   systick.o
      2322        116      18712         12         72      14438   tftlcd.o
      4022        264        125         74          0       9877   touch.o
       428         54          0          3        264       4517   usart.o

    ----------------------------------------------------------------------
     19326       1338      19328        288       1424     623137   Object Totals
         0          0         32          0          0          0   (incl. Generated)
        22          0          3          6          0          0   (incl. Padding)

    ----------------------------------------------------------------------

      Code (inc. data)   RO Data    RW Data    ZI Data      Debug   Library Member Name

        76          0          0          0          0         84   sqrt.o
         0          0          0          0          0          0   entry.o
         0          0          0          0          0          0   entry10a.o
         0          0          0          0          0          0   entry11a.o
         8          4          0          0          0          0   entry2.o
         4          0          0          0          0          0   entry5.o
         0          0          0          0          0          0   entry7b.o
         0          0          0          0          0          0   entry8b.o
         8          4          0          0          0          0   entry9a.o
        12          6          0          4          0         68   errno.o
        30          0          0          0          0          0   handlers.o
        36          8          0          0          0         68   init.o
         0          0          0          0          0          0   iusefp.o
        30          0          0          0          0         68   llshl.o
        32          0          0          0          0         68   llushr.o
        36          0          0          0          0         68   memcpya.o
       736         56          0          0          0        184   printf5.o
         0          0          0          4          0          0   stdout.o
        14          0          0          0          0         68   strlen.o
        98          0          0          0          0         92   uldiv.o
        48          0          0          0          0         68   cdcmple.o
        48          0          0          0          0         68   cdrcmple.o
       186          0          0          0          0        176   depilogue.o
        50          0          0          0          0         76   dfixui.o
        26          0          0          0          0         76   dfltui.o
       228          0          0          0          0         96   dmul.o
       162          0          0          0          0        100   dsqrt.o
        38          0          0          0          0         68   f2d.o
       176          0          0          0          0        140   fadd.o
       124          0          0          0          0         88   fdiv.o
       110          0          0          0          0        168   fepilogue.o
        50          0          0          0          0         68   ffixi.o
        40          0          0          0          0         68   ffixui.o
        18          0          0          0          0         68   fflti.o
        10          0          0          0          0         68   ffltui.o
       100          0          0          0          0         76   fmul.o

    ----------------------------------------------------------------------
      2538         78          0          8          0       2240   Library Totals
         4          0          0          0          0          0   (incl. Padding)

    ----------------------------------------------------------------------

      Code (inc. data)   RO Data    RW Data    ZI Data      Debug   Library Name

        76          0          0          0          0         84   m_ws.l
      1044         78          0          8          0        684   mc_w.l
      1414          0          0          0          0       1472   mf_w.l

    ----------------------------------------------------------------------
      2538         78          0          8          0       2240   Library Totals

    ----------------------------------------------------------------------

==============================================================================


      Code (inc. data)   RO Data    RW Data    ZI Data      Debug   

     21864       1416      19328        296       1424     616585   Grand Totals
     21864       1416      19328        296       1424     616585   ELF Image Totals
     21864       1416      19328        296          0          0   ROM Totals

==============================================================================

    Total RO  Size (Code + RO Data)                41192 (  40.23kB)
    Total RW  Size (RW Data + ZI Data)              1720 (   1.68kB)
    Total ROM Size (Code + RO Data + RW Data)      41488 (  40.52kB)

==============================================================================

