<html>
<body>
<pre>
<h1>µVision Build Log</h1>
<h2>Tool Versions:</h2>
IDE-Version: ¦ÌVision V5.28.0.0
Copyright (C) 2019 ARM Ltd and ARM Germany GmbH. All rights reserved.
License Information: 11 787, 7875767, LIC=NHYH9-4DD0S-INJA7-ENWW3-KIDFU-8054F
 
Tool Versions:
Toolchain:       MDK-ARM Professional  Version: 5.28.0.0
Toolchain Path:  D:\keil5\ARM\ARMCC\Bin
C Compiler:      Armcc.exe V5.06 update 6 (build 750)
Assembler:       Armasm.exe V5.06 update 6 (build 750)
Linker/Locator:  ArmLink.exe V5.06 update 6 (build 750)
Library Manager: ArmAr.exe V5.06 update 6 (build 750)
Hex Converter:   FromElf.exe V5.06 update 6 (build 750)
CPU DLL:         SARMCM3.DLL V5.28.0.0
Dialog DLL:      DCM.DLL V1.17.3.0
Target DLL:      STLink\ST-LINKIII-KEIL_SWO.dll V3.0.6.0
Dialog DLL:      TCM.DLL V1.36.2.0
 
<h2>Project:</h2>
C:\Users\º«ÖÐÅô1\Desktop\game5.0\Template.uvprojx
Project File Date:  06/19/2023

<h2>Output:</h2>
*** Using Compiler 'V5.06 update 6 (build 750)', folder: 'D:\keil5\ARM\ARMCC\Bin'
Build target 'Target 1'
assembling startup_stm32f103xe.s...
compiling stm32f1xx_hal.c...
compiling system_stm32f1xx.c...
compiling stm32f1xx_hal_gpio_ex.c...
compiling stm32f1xx_hal_gpio.c...
compiling stm32f1xx_hal_pwr.c...
compiling stm32f1xx_hal_tim_ex.c...
compiling stm32f1xx_it.c...
compiling stm32f1xx_hal_cortex.c...
compiling stm32f1xx_hal_exti.c...
compiling main.c...
.\APP\logic.h(3): warning:  #1295-D: Deprecated declaration Draw_border - give arg types
  void Draw_border();
.\APP\logic.h(4): warning:  #1295-D: Deprecated declaration LOGIC_FLOW - give arg types
  void LOGIC_FLOW();
.\APP\logic.h(5): warning:  #1295-D: Deprecated declaration SQUARE_FLOW - give arg types
  void SQUARE_FLOW();
.\APP\logic.h(6): warning:  #1295-D: Deprecated declaration SQUARE_FLOW_SELECT - give arg types
  void SQUARE_FLOW_SELECT();
.\APP\logic.h(7): warning:  #1295-D: Deprecated declaration LOGIC_FLOW2 - give arg types
  void LOGIC_FLOW2();
.\APP\logic.h(8): warning:  #1-D: last line of file ends without a newline
  #endif
.\APP\openmv_data\openmv_data.h(7): warning:  #1-D: last line of file ends without a newline
  #endif
.\APP\music\music.h(7): warning:  #1-D: last line of file ends without a newline
  #endif
User\main.c(14): warning:  #1295-D: Deprecated declaration LOGIC_FLOW2 - give arg types
  void LOGIC_FLOW2();
User\main.c(344): warning:  #1-D: last line of file ends without a newline
  }
User\main.c(82): warning:  #177-D: variable "key"  was declared but never referenced
  	u8 key;
User\main.c(83): warning:  #177-D: variable "i"  was declared but never referenced
  	u8 i=0;
User\main.c(84): warning:  #177-D: variable "color"  was declared but never referenced
  	u16 color=0;
User\main.c(193): warning:  #177-D: variable "status_game"  was declared but never referenced
  int status_game = 1;
User\main.c: 14 warnings, 0 errors
compiling stm32f1xx_hal_rcc_ex.c...
compiling stm32f1xx_hal_dma.c...
compiling stm32f1xx_hal_usart.c...
compiling stm32f1xx_hal_rcc.c...
compiling stm32f1xx_hal_tim.c...
compiling stm32f1xx_hal_rtc_ex.c...
compiling stm32f1xx_hal_dac_ex.c...
compiling led.c...
compiling stm32f1xx_hal_iwdg.c...
compiling stm32f1xx_hal_can.c...
compiling stm32f1xx_hal_wwdg.c...
compiling stm32f1xx_hal_dac.c...
compiling stm32f1xx_ll_fsmc.c...
compiling stm32f1xx_hal_uart.c...
compiling stm32f1xx_hal_sram.c...
compiling stm32f1xx_hal_adc_ex.c...
compiling stm32f1xx_hal_rtc.c...
compiling stm32f1xx_hal_adc.c...
compiling tftlcd.c...
APP\tftlcd\tftlcd.c(1074): warning:  #177-D: variable "r1"  was declared but never referenced
  	u16 r1,r2,r3;
APP\tftlcd\tftlcd.c(1074): warning:  #177-D: variable "r2"  was declared but never referenced
  	u16 r1,r2,r3;
APP\tftlcd\tftlcd.c(1074): warning:  #177-D: variable "r3"  was declared but never referenced
  	u16 r1,r2,r3;
APP\tftlcd\tftlcd.c(1075): warning:  #177-D: variable "value"  was declared but never referenced
  	u32 value;
APP\tftlcd\tftlcd.c(1344): warning:  #177-D: variable "i"  was declared but never referenced
  	u16 i;
APP\tftlcd\tftlcd.c(4000): warning:  #550-D: variable "num"  was set but never used
  	long tmp=0,num=0;
APP\tftlcd\tftlcd.c: 6 warnings, 0 errors
compiling logic.c...
APP\logic.h(3): warning:  #1295-D: Deprecated declaration Draw_border - give arg types
  void Draw_border();
APP\logic.h(4): warning:  #1295-D: Deprecated declaration LOGIC_FLOW - give arg types
  void LOGIC_FLOW();
APP\logic.h(5): warning:  #1295-D: Deprecated declaration SQUARE_FLOW - give arg types
  void SQUARE_FLOW();
APP\logic.h(6): warning:  #1295-D: Deprecated declaration SQUARE_FLOW_SELECT - give arg types
  void SQUARE_FLOW_SELECT();
APP\logic.h(7): warning:  #1295-D: Deprecated declaration LOGIC_FLOW2 - give arg types
  void LOGIC_FLOW2();
APP\logic.h(8): warning:  #1-D: last line of file ends without a newline
  #endif
APP\logic.c(67): warning:  #167-D: argument of type "char *" is incompatible with parameter of type "u8 *"
      LCD_ShowString(245, 300, tftlcd_data.width, tftlcd_data.height, 24, reversed_str);
APP\logic.c(119): warning:  #167-D: argument of type "char *" is incompatible with parameter of type "u8 *"
      LCD_ShowString(245, 300, tftlcd_data.width, tftlcd_data.height, 24, reversed_str);
APP\logic.c: 8 warnings, 0 errors
compiling key.c...
compiling SysTick.c...
compiling openmv_data.c...
APP\openmv_data\openmv_data.h(7): warning:  #1-D: last line of file ends without a newline
  #endif
APP\openmv_data\openmv_data.c: 1 warning, 0 errors
compiling ctiic.c...
compiling music.c...
APP\music\music.h(7): warning:  #1-D: last line of file ends without a newline
  #endif
APP\music\music.c: 1 warning, 0 errors
compiling 24cxx.c...
compiling system.c...
compiling gt5663.c...
compiling usart.c...
compiling iic.c...
compiling touch.c...
linking...
Program Size: Code=21864 RO-data=19328 RW-data=296 ZI-data=1424  
FromELF: creating hex file...
".\Obj\Template.axf" - 0 Error(s), 30 Warning(s).

<h2>Software Packages used:</h2>

Package Vendor: Keil
                http://www.keil.com/pack/Keil.STM32F1xx_DFP.1.0.5.pack
                Keil.STM32F1xx_DFP.1.0.5
                STMicroelectronics STM32F1 Series Device Support, Drivers and Examples

<h2>Collection of Component include folders:</h2>
  .\RTE\_Target_1
  D:\keil5\Keil\STM32F1xx_DFP\1.0.5\Device\Include

<h2>Collection of Component Files used:</h2>
Build Time Elapsed:  00:00:07
</pre>
</body>
</html>
